Archive member included to satisfy reference by file (symbol)

/Applications/microchip/xc8/v2.36/avr/bin/../lib/gcc/avr/5.4.0/avr5/memx-const/libgcc.a(_divmodhi4.o)
                              build/default/production/quiz_2.o (__divmodhi4)
/Applications/microchip/xc8/v2.36/avr/bin/../lib/gcc/avr/5.4.0/avr5/memx-const/libgcc.a(_copy_data.o)
                              build/default/production/quiz_2.o (__do_clear_bss)
/Applications/microchip/xc8/v2.36/avr/bin/../lib/gcc/avr/5.4.0/avr5/memx-const/libgcc.a(_udivmodhi4.o)
                              /Applications/microchip/xc8/v2.36/avr/bin/../lib/gcc/avr/5.4.0/avr5/memx-const/libgcc.a(_divmodhi4.o) (__udivmodhi4)
/Applications/microchip/xc8/v2.36/avr/bin/../lib/gcc/avr/5.4.0/../../../../avr/lib/avr5/memx-const/libc.a(exit.o)
                              /Applications/microchip/mplabx/v5.45/packs/Microchip/ATmega_DFP/2.2.108/xc8/avr/lib/avr5/memx-const/crtatmega328p.o (exit)
/Applications/microchip/xc8/v2.36/avr/bin/../lib/gcc/avr/5.4.0/../../../../avr/lib/avr5/memx-const/libc.a(__sio_sprintf_doux.o)
                              build/default/production/quiz_2.o (_sprintf_cdnopuxX)
/Applications/microchip/xc8/v2.36/avr/bin/../lib/gcc/avr/5.4.0/../../../../avr/lib/avr5/memx-const/libc.a(__fmt_s.o)
                              /Applications/microchip/xc8/v2.36/avr/bin/../lib/gcc/avr/5.4.0/../../../../avr/lib/avr5/memx-const/libc.a(__sio_sprintf_doux.o) (__fmt_s_needed)
/Applications/microchip/xc8/v2.36/avr/bin/../lib/gcc/avr/5.4.0/../../../../avr/lib/avr5/memx-const/libc.a(__printf_core.o)
                              /Applications/microchip/xc8/v2.36/avr/bin/../lib/gcc/avr/5.4.0/../../../../avr/lib/avr5/memx-const/libc.a(__fmt_s.o) (__pad)
/Applications/microchip/xc8/v2.36/avr/bin/../lib/gcc/avr/5.4.0/../../../../avr/lib/avr5/memx-const/libc.a(fputc.o)
                              /Applications/microchip/xc8/v2.36/avr/bin/../lib/gcc/avr/5.4.0/../../../../avr/lib/avr5/memx-const/libc.a(__printf_core.o) (fputc)
/Applications/microchip/xc8/v2.36/avr/bin/../lib/gcc/avr/5.4.0/../../../../avr/lib/avr5/memx-const/libc.a(__fmt_d.o)
                              /Applications/microchip/xc8/v2.36/avr/bin/../lib/gcc/avr/5.4.0/../../../../avr/lib/avr5/memx-const/libc.a(__sio_sprintf_doux.o) (__fmt_d_needed)
/Applications/microchip/xc8/v2.36/avr/bin/../lib/gcc/avr/5.4.0/../../../../avr/lib/avr5/memx-const/libc.a(__fmt_o.o)
                              /Applications/microchip/xc8/v2.36/avr/bin/../lib/gcc/avr/5.4.0/../../../../avr/lib/avr5/memx-const/libc.a(__sio_sprintf_doux.o) (__fmt_o_needed)
/Applications/microchip/xc8/v2.36/avr/bin/../lib/gcc/avr/5.4.0/../../../../avr/lib/avr5/memx-const/libc.a(__fmt_u.o)
                              /Applications/microchip/xc8/v2.36/avr/bin/../lib/gcc/avr/5.4.0/../../../../avr/lib/avr5/memx-const/libc.a(__fmt_d.o) (__cvt_u)
/Applications/microchip/xc8/v2.36/avr/bin/../lib/gcc/avr/5.4.0/../../../../avr/lib/avr5/memx-const/libc.a(__fmt_x.o)
                              /Applications/microchip/xc8/v2.36/avr/bin/../lib/gcc/avr/5.4.0/../../../../avr/lib/avr5/memx-const/libc.a(__sio_sprintf_doux.o) (__fmt_x_needed)
/Applications/microchip/xc8/v2.36/avr/bin/../lib/gcc/avr/5.4.0/../../../../avr/lib/avr5/memx-const/libc.a(__pop_float.o)
                              /Applications/microchip/xc8/v2.36/avr/bin/../lib/gcc/avr/5.4.0/../../../../avr/lib/avr5/memx-const/libc.a(__printf_core.o) (__pop_float)
/Applications/microchip/xc8/v2.36/avr/bin/../lib/gcc/avr/5.4.0/../../../../avr/lib/avr5/memx-const/libc.a(__pop_int.o)
                              /Applications/microchip/xc8/v2.36/avr/bin/../lib/gcc/avr/5.4.0/../../../../avr/lib/avr5/memx-const/libc.a(__printf_core.o) (__pop_int)
/Applications/microchip/xc8/v2.36/avr/bin/../lib/gcc/avr/5.4.0/../../../../avr/lib/avr5/memx-const/libc.a(__pop_ptr.o)
                              /Applications/microchip/xc8/v2.36/avr/bin/../lib/gcc/avr/5.4.0/../../../../avr/lib/avr5/memx-const/libc.a(__printf_core.o) (__pop_ptr)
/Applications/microchip/xc8/v2.36/avr/bin/../lib/gcc/avr/5.4.0/../../../../avr/lib/avr5/memx-const/libc.a(atoi.o)
                              /Applications/microchip/xc8/v2.36/avr/bin/../lib/gcc/avr/5.4.0/../../../../avr/lib/avr5/memx-const/libc.a(__printf_core.o) (atoi)
/Applications/microchip/xc8/v2.36/avr/bin/../lib/gcc/avr/5.4.0/../../../../avr/lib/avr5/memx-const/libc.a(memset.o)
                              /Applications/microchip/xc8/v2.36/avr/bin/../lib/gcc/avr/5.4.0/../../../../avr/lib/avr5/memx-const/libc.a(__printf_core.o) (memset)
/Applications/microchip/xc8/v2.36/avr/bin/../lib/gcc/avr/5.4.0/../../../../avr/lib/avr5/memx-const/libc.a(strlen.o)
                              /Applications/microchip/xc8/v2.36/avr/bin/../lib/gcc/avr/5.4.0/../../../../avr/lib/avr5/memx-const/libc.a(__fmt_s.o) (strlen)
/Applications/microchip/xc8/v2.36/avr/bin/../lib/gcc/avr/5.4.0/../../../../avr/lib/avr5/memx-const/libc.a(tolower.o)
                              /Applications/microchip/xc8/v2.36/avr/bin/../lib/gcc/avr/5.4.0/../../../../avr/lib/avr5/memx-const/libc.a(__printf_core.o) (tolower)
/Applications/microchip/xc8/v2.36/avr/bin/../lib/gcc/avr/5.4.0/../../../../avr/lib/avr5/memx-const/libc.a(toupper.o)
                              /Applications/microchip/xc8/v2.36/avr/bin/../lib/gcc/avr/5.4.0/../../../../avr/lib/avr5/memx-const/libc.a(__fmt_x.o) (toupper)
/Applications/microchip/xc8/v2.36/avr/bin/../lib/gcc/avr/5.4.0/../../../../avr/lib/avr5/memx-const/libc.a(errno.o)
                              /Applications/microchip/xc8/v2.36/avr/bin/../lib/gcc/avr/5.4.0/../../../../avr/lib/avr5/memx-const/libc.a(__printf_core.o) (__errno_val)
/Applications/microchip/xc8/v2.36/avr/bin/../lib/gcc/avr/5.4.0/../../../../avr/lib/avr5/memx-const/libc.a(_Exit.o)
                              /Applications/microchip/xc8/v2.36/avr/bin/../lib/gcc/avr/5.4.0/../../../../avr/lib/avr5/memx-const/libc.a(exit.o) (_Exit)
/Applications/microchip/xc8/v2.36/avr/bin/../lib/gcc/avr/5.4.0/../../../../avr/lib/avr5/memx-const/libc.a(__int_vsprintf.o)
                              /Applications/microchip/xc8/v2.36/avr/bin/../lib/gcc/avr/5.4.0/../../../../avr/lib/avr5/memx-const/libc.a(__sio_sprintf_doux.o) (__vsprintf)
/Applications/microchip/xc8/v2.36/avr/bin/../lib/gcc/avr/5.4.0/../../../../avr/lib/avr5/memx-const/libc.a(__int_vsnprintf.o)
                              /Applications/microchip/xc8/v2.36/avr/bin/../lib/gcc/avr/5.4.0/../../../../avr/lib/avr5/memx-const/libc.a(__int_vsprintf.o) (__vsnprintf)
/Applications/microchip/xc8/v2.36/avr/bin/../lib/gcc/avr/5.4.0/../../../../avr/lib/avr5/memx-const/libc.a(__int_vfprintf.o)
                              /Applications/microchip/xc8/v2.36/avr/bin/../lib/gcc/avr/5.4.0/../../../../avr/lib/avr5/memx-const/libc.a(__int_vsnprintf.o) (__vfprintf)
/Applications/microchip/xc8/v2.36/avr/bin/../lib/gcc/avr/5.4.0/avr5/memx-const/libgcc.a(_exit.o)
                              /Applications/microchip/xc8/v2.36/avr/bin/../lib/gcc/avr/5.4.0/../../../../avr/lib/avr5/memx-const/libc.a(_Exit.o) (_exit)
/Applications/microchip/xc8/v2.36/avr/bin/../lib/gcc/avr/5.4.0/avr5/memx-const/libgcc.a(_udivdi3.o)
                              /Applications/microchip/xc8/v2.36/avr/bin/../lib/gcc/avr/5.4.0/../../../../avr/lib/avr5/memx-const/libc.a(__fmt_u.o) (__umoddi3)
/Applications/microchip/xc8/v2.36/avr/bin/../lib/gcc/avr/5.4.0/avr5/memx-const/libgcc.a(_udivmod64.o)
                              /Applications/microchip/xc8/v2.36/avr/bin/../lib/gcc/avr/5.4.0/avr5/memx-const/libgcc.a(_udivdi3.o) (__udivmod64)
/Applications/microchip/xc8/v2.36/avr/bin/../lib/gcc/avr/5.4.0/avr5/memx-const/libgcc.a(_negdi2.o)
                              /Applications/microchip/xc8/v2.36/avr/bin/../lib/gcc/avr/5.4.0/../../../../avr/lib/avr5/memx-const/libc.a(__fmt_d.o) (__negdi2)
/Applications/microchip/xc8/v2.36/avr/bin/../lib/gcc/avr/5.4.0/avr5/memx-const/libgcc.a(_prologue.o)
                              /Applications/microchip/xc8/v2.36/avr/bin/../lib/gcc/avr/5.4.0/../../../../avr/lib/avr5/memx-const/libc.a(__sio_sprintf_doux.o) (__prologue_saves__)
/Applications/microchip/xc8/v2.36/avr/bin/../lib/gcc/avr/5.4.0/avr5/memx-const/libgcc.a(_epilogue.o)
                              /Applications/microchip/xc8/v2.36/avr/bin/../lib/gcc/avr/5.4.0/../../../../avr/lib/avr5/memx-const/libc.a(__sio_sprintf_doux.o) (__epilogue_restores__)
/Applications/microchip/xc8/v2.36/avr/bin/../lib/gcc/avr/5.4.0/avr5/memx-const/libgcc.a(_movmemx.o)
                              /Applications/microchip/xc8/v2.36/avr/bin/../lib/gcc/avr/5.4.0/../../../../avr/lib/avr5/memx-const/libc.a(__fmt_s.o) (__movmemx_qi)
/Applications/microchip/xc8/v2.36/avr/bin/../lib/gcc/avr/5.4.0/avr5/memx-const/libgcc.a(_ashrdi3.o)
                              /Applications/microchip/xc8/v2.36/avr/bin/../lib/gcc/avr/5.4.0/../../../../avr/lib/avr5/memx-const/libc.a(__fmt_x.o) (__lshrdi3)
/Applications/microchip/xc8/v2.36/avr/bin/../lib/gcc/avr/5.4.0/avr5/memx-const/libgcc.a(_cmpdi2_s8.o)
                              /Applications/microchip/xc8/v2.36/avr/bin/../lib/gcc/avr/5.4.0/../../../../avr/lib/avr5/memx-const/libc.a(__printf_core.o) (__cmpdi2_s8)

Allocating common symbols
Common symbol       size              file

__errno_val         0x2               /Applications/microchip/xc8/v2.36/avr/bin/../lib/gcc/avr/5.4.0/../../../../avr/lib/avr5/memx-const/libc.a(errno.o)

Discarded input sections

 .data          0x0000000000000000        0x0 /Applications/microchip/mplabx/v5.45/packs/Microchip/ATmega_DFP/2.2.108/xc8/avr/lib/avr5/memx-const/crtatmega328p.o
 .bss           0x0000000000000000        0x0 /Applications/microchip/mplabx/v5.45/packs/Microchip/ATmega_DFP/2.2.108/xc8/avr/lib/avr5/memx-const/crtatmega328p.o
 .text          0x0000000000000000        0x0 build/default/production/quiz_2.o
 .data          0x0000000000000000        0x0 build/default/production/quiz_2.o
 .bss           0x0000000000000000        0x0 build/default/production/quiz_2.o
 .text.USART_Init
                0x0000000000000000       0x1e build/default/production/quiz_2.o
 .text.USART_Transmit
                0x0000000000000000       0x10 build/default/production/quiz_2.o
 .text          0x0000000000000000        0x0 /Applications/microchip/xc8/v2.36/avr/bin/../lib/gcc/avr/5.4.0/avr5/memx-const/libgcc.a(_divmodhi4.o)
 .data          0x0000000000000000        0x0 /Applications/microchip/xc8/v2.36/avr/bin/../lib/gcc/avr/5.4.0/avr5/memx-const/libgcc.a(_divmodhi4.o)
 .bss           0x0000000000000000        0x0 /Applications/microchip/xc8/v2.36/avr/bin/../lib/gcc/avr/5.4.0/avr5/memx-const/libgcc.a(_divmodhi4.o)
 .text.libgcc.mul
                0x0000000000000000        0x0 /Applications/microchip/xc8/v2.36/avr/bin/../lib/gcc/avr/5.4.0/avr5/memx-const/libgcc.a(_divmodhi4.o)
 .stack.descriptors
                0x0000000000000000       0x19 /Applications/microchip/xc8/v2.36/avr/bin/../lib/gcc/avr/5.4.0/avr5/memx-const/libgcc.a(_divmodhi4.o)
 .text.libgcc   0x0000000000000000        0x0 /Applications/microchip/xc8/v2.36/avr/bin/../lib/gcc/avr/5.4.0/avr5/memx-const/libgcc.a(_divmodhi4.o)
 .text.libgcc.prologue
                0x0000000000000000        0x0 /Applications/microchip/xc8/v2.36/avr/bin/../lib/gcc/avr/5.4.0/avr5/memx-const/libgcc.a(_divmodhi4.o)
 .text.libgcc.builtins
                0x0000000000000000        0x0 /Applications/microchip/xc8/v2.36/avr/bin/../lib/gcc/avr/5.4.0/avr5/memx-const/libgcc.a(_divmodhi4.o)
 .text.libgcc.fmul
                0x0000000000000000        0x0 /Applications/microchip/xc8/v2.36/avr/bin/../lib/gcc/avr/5.4.0/avr5/memx-const/libgcc.a(_divmodhi4.o)
 .text.libgcc.fixed
                0x0000000000000000        0x0 /Applications/microchip/xc8/v2.36/avr/bin/../lib/gcc/avr/5.4.0/avr5/memx-const/libgcc.a(_divmodhi4.o)
 .text          0x0000000000000000        0x0 /Applications/microchip/xc8/v2.36/avr/bin/../lib/gcc/avr/5.4.0/avr5/memx-const/libgcc.a(_copy_data.o)
 .data          0x0000000000000000        0x0 /Applications/microchip/xc8/v2.36/avr/bin/../lib/gcc/avr/5.4.0/avr5/memx-const/libgcc.a(_copy_data.o)
 .bss           0x0000000000000000        0x0 /Applications/microchip/xc8/v2.36/avr/bin/../lib/gcc/avr/5.4.0/avr5/memx-const/libgcc.a(_copy_data.o)
 .text.libgcc.mul
                0x0000000000000000        0x0 /Applications/microchip/xc8/v2.36/avr/bin/../lib/gcc/avr/5.4.0/avr5/memx-const/libgcc.a(_copy_data.o)
 .text.libgcc.div
                0x0000000000000000        0x0 /Applications/microchip/xc8/v2.36/avr/bin/../lib/gcc/avr/5.4.0/avr5/memx-const/libgcc.a(_copy_data.o)
 .text.libgcc   0x0000000000000000        0x0 /Applications/microchip/xc8/v2.36/avr/bin/../lib/gcc/avr/5.4.0/avr5/memx-const/libgcc.a(_copy_data.o)
 .text.libgcc.prologue
                0x0000000000000000        0x0 /Applications/microchip/xc8/v2.36/avr/bin/../lib/gcc/avr/5.4.0/avr5/memx-const/libgcc.a(_copy_data.o)
 .text.libgcc.builtins
                0x0000000000000000        0x0 /Applications/microchip/xc8/v2.36/avr/bin/../lib/gcc/avr/5.4.0/avr5/memx-const/libgcc.a(_copy_data.o)
 .text.libgcc.fmul
                0x0000000000000000        0x0 /Applications/microchip/xc8/v2.36/avr/bin/../lib/gcc/avr/5.4.0/avr5/memx-const/libgcc.a(_copy_data.o)
 .text.libgcc.fixed
                0x0000000000000000        0x0 /Applications/microchip/xc8/v2.36/avr/bin/../lib/gcc/avr/5.4.0/avr5/memx-const/libgcc.a(_copy_data.o)
 .text          0x0000000000000000        0x0 /Applications/microchip/xc8/v2.36/avr/bin/../lib/gcc/avr/5.4.0/avr5/memx-const/libgcc.a(_udivmodhi4.o)
 .data          0x0000000000000000        0x0 /Applications/microchip/xc8/v2.36/avr/bin/../lib/gcc/avr/5.4.0/avr5/memx-const/libgcc.a(_udivmodhi4.o)
 .bss           0x0000000000000000        0x0 /Applications/microchip/xc8/v2.36/avr/bin/../lib/gcc/avr/5.4.0/avr5/memx-const/libgcc.a(_udivmodhi4.o)
 .text.libgcc.mul
                0x0000000000000000        0x0 /Applications/microchip/xc8/v2.36/avr/bin/../lib/gcc/avr/5.4.0/avr5/memx-const/libgcc.a(_udivmodhi4.o)
 .stack.descriptors
                0x0000000000000000       0x1a /Applications/microchip/xc8/v2.36/avr/bin/../lib/gcc/avr/5.4.0/avr5/memx-const/libgcc.a(_udivmodhi4.o)
 .text.libgcc   0x0000000000000000        0x0 /Applications/microchip/xc8/v2.36/avr/bin/../lib/gcc/avr/5.4.0/avr5/memx-const/libgcc.a(_udivmodhi4.o)
 .text.libgcc.prologue
                0x0000000000000000        0x0 /Applications/microchip/xc8/v2.36/avr/bin/../lib/gcc/avr/5.4.0/avr5/memx-const/libgcc.a(_udivmodhi4.o)
 .text.libgcc.builtins
                0x0000000000000000        0x0 /Applications/microchip/xc8/v2.36/avr/bin/../lib/gcc/avr/5.4.0/avr5/memx-const/libgcc.a(_udivmodhi4.o)
 .text.libgcc.fmul
                0x0000000000000000        0x0 /Applications/microchip/xc8/v2.36/avr/bin/../lib/gcc/avr/5.4.0/avr5/memx-const/libgcc.a(_udivmodhi4.o)
 .text.libgcc.fixed
                0x0000000000000000        0x0 /Applications/microchip/xc8/v2.36/avr/bin/../lib/gcc/avr/5.4.0/avr5/memx-const/libgcc.a(_udivmodhi4.o)
 .text          0x0000000000000000        0x0 /Applications/microchip/xc8/v2.36/avr/bin/../lib/gcc/avr/5.4.0/../../../../avr/lib/avr5/memx-const/libc.a(exit.o)
 .data          0x0000000000000000        0x0 /Applications/microchip/xc8/v2.36/avr/bin/../lib/gcc/avr/5.4.0/../../../../avr/lib/avr5/memx-const/libc.a(exit.o)
 .bss           0x0000000000000000        0x0 /Applications/microchip/xc8/v2.36/avr/bin/../lib/gcc/avr/5.4.0/../../../../avr/lib/avr5/memx-const/libc.a(exit.o)
 .stack.descriptors
                0x0000000000000000       0x73 /Applications/microchip/xc8/v2.36/avr/bin/../lib/gcc/avr/5.4.0/../../../../avr/lib/avr5/memx-const/libc.a(exit.o)
 .text          0x0000000000000000        0x0 /Applications/microchip/xc8/v2.36/avr/bin/../lib/gcc/avr/5.4.0/../../../../avr/lib/avr5/memx-const/libc.a(__sio_sprintf_doux.o)
 .data          0x0000000000000000        0x0 /Applications/microchip/xc8/v2.36/avr/bin/../lib/gcc/avr/5.4.0/../../../../avr/lib/avr5/memx-const/libc.a(__sio_sprintf_doux.o)
 .bss           0x0000000000000000        0x0 /Applications/microchip/xc8/v2.36/avr/bin/../lib/gcc/avr/5.4.0/../../../../avr/lib/avr5/memx-const/libc.a(__sio_sprintf_doux.o)
 .stack.descriptors
                0x0000000000000000       0x3c /Applications/microchip/xc8/v2.36/avr/bin/../lib/gcc/avr/5.4.0/../../../../avr/lib/avr5/memx-const/libc.a(__sio_sprintf_doux.o)
 .text.__sio_sprintf_doux
                0x0000000000000000       0x16 /Applications/microchip/xc8/v2.36/avr/bin/../lib/gcc/avr/5.4.0/../../../../avr/lib/avr5/memx-const/libc.a(__sio_sprintf_doux.o)
 .text          0x0000000000000000        0x0 /Applications/microchip/xc8/v2.36/avr/bin/../lib/gcc/avr/5.4.0/../../../../avr/lib/avr5/memx-const/libc.a(__fmt_s.o)
 .data          0x0000000000000000        0x0 /Applications/microchip/xc8/v2.36/avr/bin/../lib/gcc/avr/5.4.0/../../../../avr/lib/avr5/memx-const/libc.a(__fmt_s.o)
 .bss           0x0000000000000000        0x0 /Applications/microchip/xc8/v2.36/avr/bin/../lib/gcc/avr/5.4.0/../../../../avr/lib/avr5/memx-const/libc.a(__fmt_s.o)
 .stack.descriptors
                0x0000000000000000       0x15 /Applications/microchip/xc8/v2.36/avr/bin/../lib/gcc/avr/5.4.0/../../../../avr/lib/avr5/memx-const/libc.a(__fmt_s.o)
 .text          0x0000000000000000        0x0 /Applications/microchip/xc8/v2.36/avr/bin/../lib/gcc/avr/5.4.0/../../../../avr/lib/avr5/memx-const/libc.a(__printf_core.o)
 .data          0x0000000000000000        0x0 /Applications/microchip/xc8/v2.36/avr/bin/../lib/gcc/avr/5.4.0/../../../../avr/lib/avr5/memx-const/libc.a(__printf_core.o)
 .bss           0x0000000000000000        0x0 /Applications/microchip/xc8/v2.36/avr/bin/../lib/gcc/avr/5.4.0/../../../../avr/lib/avr5/memx-const/libc.a(__printf_core.o)
 .stack.descriptors
                0x0000000000000000       0xa8 /Applications/microchip/xc8/v2.36/avr/bin/../lib/gcc/avr/5.4.0/../../../../avr/lib/avr5/memx-const/libc.a(__printf_core.o)
 .text.__dummy_fmt3
                0x0000000000000000        0x6 /Applications/microchip/xc8/v2.36/avr/bin/../lib/gcc/avr/5.4.0/../../../../avr/lib/avr5/memx-const/libc.a(__printf_core.o)
 .text.__dummy_fmts
                0x0000000000000000        0x6 /Applications/microchip/xc8/v2.36/avr/bin/../lib/gcc/avr/5.4.0/../../../../avr/lib/avr5/memx-const/libc.a(__printf_core.o)
 .text          0x0000000000000000        0x0 /Applications/microchip/xc8/v2.36/avr/bin/../lib/gcc/avr/5.4.0/../../../../avr/lib/avr5/memx-const/libc.a(fputc.o)
 .data          0x0000000000000000        0x0 /Applications/microchip/xc8/v2.36/avr/bin/../lib/gcc/avr/5.4.0/../../../../avr/lib/avr5/memx-const/libc.a(fputc.o)
 .bss           0x0000000000000000        0x0 /Applications/microchip/xc8/v2.36/avr/bin/../lib/gcc/avr/5.4.0/../../../../avr/lib/avr5/memx-const/libc.a(fputc.o)
 .stack.descriptors
                0x0000000000000000       0x13 /Applications/microchip/xc8/v2.36/avr/bin/../lib/gcc/avr/5.4.0/../../../../avr/lib/avr5/memx-const/libc.a(fputc.o)
 .text          0x0000000000000000        0x0 /Applications/microchip/xc8/v2.36/avr/bin/../lib/gcc/avr/5.4.0/../../../../avr/lib/avr5/memx-const/libc.a(__fmt_d.o)
 .data          0x0000000000000000        0x0 /Applications/microchip/xc8/v2.36/avr/bin/../lib/gcc/avr/5.4.0/../../../../avr/lib/avr5/memx-const/libc.a(__fmt_d.o)
 .bss           0x0000000000000000        0x0 /Applications/microchip/xc8/v2.36/avr/bin/../lib/gcc/avr/5.4.0/../../../../avr/lib/avr5/memx-const/libc.a(__fmt_d.o)
 .stack.descriptors
                0x0000000000000000       0x15 /Applications/microchip/xc8/v2.36/avr/bin/../lib/gcc/avr/5.4.0/../../../../avr/lib/avr5/memx-const/libc.a(__fmt_d.o)
 .text          0x0000000000000000        0x0 /Applications/microchip/xc8/v2.36/avr/bin/../lib/gcc/avr/5.4.0/../../../../avr/lib/avr5/memx-const/libc.a(__fmt_o.o)
 .data          0x0000000000000000        0x0 /Applications/microchip/xc8/v2.36/avr/bin/../lib/gcc/avr/5.4.0/../../../../avr/lib/avr5/memx-const/libc.a(__fmt_o.o)
 .bss           0x0000000000000000        0x0 /Applications/microchip/xc8/v2.36/avr/bin/../lib/gcc/avr/5.4.0/../../../../avr/lib/avr5/memx-const/libc.a(__fmt_o.o)
 .stack.descriptors
                0x0000000000000000       0x15 /Applications/microchip/xc8/v2.36/avr/bin/../lib/gcc/avr/5.4.0/../../../../avr/lib/avr5/memx-const/libc.a(__fmt_o.o)
 .text          0x0000000000000000        0x0 /Applications/microchip/xc8/v2.36/avr/bin/../lib/gcc/avr/5.4.0/../../../../avr/lib/avr5/memx-const/libc.a(__fmt_u.o)
 .data          0x0000000000000000        0x0 /Applications/microchip/xc8/v2.36/avr/bin/../lib/gcc/avr/5.4.0/../../../../avr/lib/avr5/memx-const/libc.a(__fmt_u.o)
 .bss           0x0000000000000000        0x0 /Applications/microchip/xc8/v2.36/avr/bin/../lib/gcc/avr/5.4.0/../../../../avr/lib/avr5/memx-const/libc.a(__fmt_u.o)
 .stack.descriptors
                0x0000000000000000       0x2a /Applications/microchip/xc8/v2.36/avr/bin/../lib/gcc/avr/5.4.0/../../../../avr/lib/avr5/memx-const/libc.a(__fmt_u.o)
 .text          0x0000000000000000        0x0 /Applications/microchip/xc8/v2.36/avr/bin/../lib/gcc/avr/5.4.0/../../../../avr/lib/avr5/memx-const/libc.a(__fmt_x.o)
 .data          0x0000000000000000        0x0 /Applications/microchip/xc8/v2.36/avr/bin/../lib/gcc/avr/5.4.0/../../../../avr/lib/avr5/memx-const/libc.a(__fmt_x.o)
 .bss           0x0000000000000000        0x0 /Applications/microchip/xc8/v2.36/avr/bin/../lib/gcc/avr/5.4.0/../../../../avr/lib/avr5/memx-const/libc.a(__fmt_x.o)
 .stack.descriptors
                0x0000000000000000       0x15 /Applications/microchip/xc8/v2.36/avr/bin/../lib/gcc/avr/5.4.0/../../../../avr/lib/avr5/memx-const/libc.a(__fmt_x.o)
 .text          0x0000000000000000        0x0 /Applications/microchip/xc8/v2.36/avr/bin/../lib/gcc/avr/5.4.0/../../../../avr/lib/avr5/memx-const/libc.a(__pop_float.o)
 .data          0x0000000000000000        0x0 /Applications/microchip/xc8/v2.36/avr/bin/../lib/gcc/avr/5.4.0/../../../../avr/lib/avr5/memx-const/libc.a(__pop_float.o)
 .bss           0x0000000000000000        0x0 /Applications/microchip/xc8/v2.36/avr/bin/../lib/gcc/avr/5.4.0/../../../../avr/lib/avr5/memx-const/libc.a(__pop_float.o)
 .stack.descriptors
                0x0000000000000000       0x19 /Applications/microchip/xc8/v2.36/avr/bin/../lib/gcc/avr/5.4.0/../../../../avr/lib/avr5/memx-const/libc.a(__pop_float.o)
 .text          0x0000000000000000        0x0 /Applications/microchip/xc8/v2.36/avr/bin/../lib/gcc/avr/5.4.0/../../../../avr/lib/avr5/memx-const/libc.a(__pop_int.o)
 .data          0x0000000000000000        0x0 /Applications/microchip/xc8/v2.36/avr/bin/../lib/gcc/avr/5.4.0/../../../../avr/lib/avr5/memx-const/libc.a(__pop_int.o)
 .bss           0x0000000000000000        0x0 /Applications/microchip/xc8/v2.36/avr/bin/../lib/gcc/avr/5.4.0/../../../../avr/lib/avr5/memx-const/libc.a(__pop_int.o)
 .stack.descriptors
                0x0000000000000000       0x17 /Applications/microchip/xc8/v2.36/avr/bin/../lib/gcc/avr/5.4.0/../../../../avr/lib/avr5/memx-const/libc.a(__pop_int.o)
 .text          0x0000000000000000        0x0 /Applications/microchip/xc8/v2.36/avr/bin/../lib/gcc/avr/5.4.0/../../../../avr/lib/avr5/memx-const/libc.a(__pop_ptr.o)
 .data          0x0000000000000000        0x0 /Applications/microchip/xc8/v2.36/avr/bin/../lib/gcc/avr/5.4.0/../../../../avr/lib/avr5/memx-const/libc.a(__pop_ptr.o)
 .bss           0x0000000000000000        0x0 /Applications/microchip/xc8/v2.36/avr/bin/../lib/gcc/avr/5.4.0/../../../../avr/lib/avr5/memx-const/libc.a(__pop_ptr.o)
 .stack.descriptors
                0x0000000000000000       0x17 /Applications/microchip/xc8/v2.36/avr/bin/../lib/gcc/avr/5.4.0/../../../../avr/lib/avr5/memx-const/libc.a(__pop_ptr.o)
 .text          0x0000000000000000        0x0 /Applications/microchip/xc8/v2.36/avr/bin/../lib/gcc/avr/5.4.0/../../../../avr/lib/avr5/memx-const/libc.a(atoi.o)
 .data          0x0000000000000000        0x0 /Applications/microchip/xc8/v2.36/avr/bin/../lib/gcc/avr/5.4.0/../../../../avr/lib/avr5/memx-const/libc.a(atoi.o)
 .bss           0x0000000000000000        0x0 /Applications/microchip/xc8/v2.36/avr/bin/../lib/gcc/avr/5.4.0/../../../../avr/lib/avr5/memx-const/libc.a(atoi.o)
 .stack.descriptors
                0x0000000000000000       0x12 /Applications/microchip/xc8/v2.36/avr/bin/../lib/gcc/avr/5.4.0/../../../../avr/lib/avr5/memx-const/libc.a(atoi.o)
 .text          0x0000000000000000        0x0 /Applications/microchip/xc8/v2.36/avr/bin/../lib/gcc/avr/5.4.0/../../../../avr/lib/avr5/memx-const/libc.a(memset.o)
 .data          0x0000000000000000        0x0 /Applications/microchip/xc8/v2.36/avr/bin/../lib/gcc/avr/5.4.0/../../../../avr/lib/avr5/memx-const/libc.a(memset.o)
 .bss           0x0000000000000000        0x0 /Applications/microchip/xc8/v2.36/avr/bin/../lib/gcc/avr/5.4.0/../../../../avr/lib/avr5/memx-const/libc.a(memset.o)
 .stack.descriptors
                0x0000000000000000       0x14 /Applications/microchip/xc8/v2.36/avr/bin/../lib/gcc/avr/5.4.0/../../../../avr/lib/avr5/memx-const/libc.a(memset.o)
 .text          0x0000000000000000        0x0 /Applications/microchip/xc8/v2.36/avr/bin/../lib/gcc/avr/5.4.0/../../../../avr/lib/avr5/memx-const/libc.a(strlen.o)
 .data          0x0000000000000000        0x0 /Applications/microchip/xc8/v2.36/avr/bin/../lib/gcc/avr/5.4.0/../../../../avr/lib/avr5/memx-const/libc.a(strlen.o)
 .bss           0x0000000000000000        0x0 /Applications/microchip/xc8/v2.36/avr/bin/../lib/gcc/avr/5.4.0/../../../../avr/lib/avr5/memx-const/libc.a(strlen.o)
 .stack.descriptors
                0x0000000000000000       0x14 /Applications/microchip/xc8/v2.36/avr/bin/../lib/gcc/avr/5.4.0/../../../../avr/lib/avr5/memx-const/libc.a(strlen.o)
 .text          0x0000000000000000        0x0 /Applications/microchip/xc8/v2.36/avr/bin/../lib/gcc/avr/5.4.0/../../../../avr/lib/avr5/memx-const/libc.a(tolower.o)
 .data          0x0000000000000000        0x0 /Applications/microchip/xc8/v2.36/avr/bin/../lib/gcc/avr/5.4.0/../../../../avr/lib/avr5/memx-const/libc.a(tolower.o)
 .bss           0x0000000000000000        0x0 /Applications/microchip/xc8/v2.36/avr/bin/../lib/gcc/avr/5.4.0/../../../../avr/lib/avr5/memx-const/libc.a(tolower.o)
 .stack.descriptors
                0x0000000000000000       0x2e /Applications/microchip/xc8/v2.36/avr/bin/../lib/gcc/avr/5.4.0/../../../../avr/lib/avr5/memx-const/libc.a(tolower.o)
 .text.__tolower_l
                0x0000000000000000        0x6 /Applications/microchip/xc8/v2.36/avr/bin/../lib/gcc/avr/5.4.0/../../../../avr/lib/avr5/memx-const/libc.a(tolower.o)
 .text          0x0000000000000000        0x0 /Applications/microchip/xc8/v2.36/avr/bin/../lib/gcc/avr/5.4.0/../../../../avr/lib/avr5/memx-const/libc.a(toupper.o)
 .data          0x0000000000000000        0x0 /Applications/microchip/xc8/v2.36/avr/bin/../lib/gcc/avr/5.4.0/../../../../avr/lib/avr5/memx-const/libc.a(toupper.o)
 .bss           0x0000000000000000        0x0 /Applications/microchip/xc8/v2.36/avr/bin/../lib/gcc/avr/5.4.0/../../../../avr/lib/avr5/memx-const/libc.a(toupper.o)
 .stack.descriptors
                0x0000000000000000       0x2e /Applications/microchip/xc8/v2.36/avr/bin/../lib/gcc/avr/5.4.0/../../../../avr/lib/avr5/memx-const/libc.a(toupper.o)
 .text.__toupper_l
                0x0000000000000000        0x6 /Applications/microchip/xc8/v2.36/avr/bin/../lib/gcc/avr/5.4.0/../../../../avr/lib/avr5/memx-const/libc.a(toupper.o)
 .text          0x0000000000000000        0x0 /Applications/microchip/xc8/v2.36/avr/bin/../lib/gcc/avr/5.4.0/../../../../avr/lib/avr5/memx-const/libc.a(errno.o)
 .data          0x0000000000000000        0x0 /Applications/microchip/xc8/v2.36/avr/bin/../lib/gcc/avr/5.4.0/../../../../avr/lib/avr5/memx-const/libc.a(errno.o)
 .bss           0x0000000000000000        0x0 /Applications/microchip/xc8/v2.36/avr/bin/../lib/gcc/avr/5.4.0/../../../../avr/lib/avr5/memx-const/libc.a(errno.o)
 .text          0x0000000000000000        0x0 /Applications/microchip/xc8/v2.36/avr/bin/../lib/gcc/avr/5.4.0/../../../../avr/lib/avr5/memx-const/libc.a(_Exit.o)
 .data          0x0000000000000000        0x0 /Applications/microchip/xc8/v2.36/avr/bin/../lib/gcc/avr/5.4.0/../../../../avr/lib/avr5/memx-const/libc.a(_Exit.o)
 .bss           0x0000000000000000        0x0 /Applications/microchip/xc8/v2.36/avr/bin/../lib/gcc/avr/5.4.0/../../../../avr/lib/avr5/memx-const/libc.a(_Exit.o)
 .stack.descriptors
                0x0000000000000000       0x13 /Applications/microchip/xc8/v2.36/avr/bin/../lib/gcc/avr/5.4.0/../../../../avr/lib/avr5/memx-const/libc.a(_Exit.o)
 .text          0x0000000000000000        0x0 /Applications/microchip/xc8/v2.36/avr/bin/../lib/gcc/avr/5.4.0/../../../../avr/lib/avr5/memx-const/libc.a(__int_vsprintf.o)
 .data          0x0000000000000000        0x0 /Applications/microchip/xc8/v2.36/avr/bin/../lib/gcc/avr/5.4.0/../../../../avr/lib/avr5/memx-const/libc.a(__int_vsprintf.o)
 .bss           0x0000000000000000        0x0 /Applications/microchip/xc8/v2.36/avr/bin/../lib/gcc/avr/5.4.0/../../../../avr/lib/avr5/memx-const/libc.a(__int_vsprintf.o)
 .stack.descriptors
                0x0000000000000000       0x18 /Applications/microchip/xc8/v2.36/avr/bin/../lib/gcc/avr/5.4.0/../../../../avr/lib/avr5/memx-const/libc.a(__int_vsprintf.o)
 .text          0x0000000000000000        0x0 /Applications/microchip/xc8/v2.36/avr/bin/../lib/gcc/avr/5.4.0/../../../../avr/lib/avr5/memx-const/libc.a(__int_vsnprintf.o)
 .data          0x0000000000000000        0x0 /Applications/microchip/xc8/v2.36/avr/bin/../lib/gcc/avr/5.4.0/../../../../avr/lib/avr5/memx-const/libc.a(__int_vsnprintf.o)
 .bss           0x0000000000000000        0x0 /Applications/microchip/xc8/v2.36/avr/bin/../lib/gcc/avr/5.4.0/../../../../avr/lib/avr5/memx-const/libc.a(__int_vsnprintf.o)
 .stack.descriptors
                0x0000000000000000       0x19 /Applications/microchip/xc8/v2.36/avr/bin/../lib/gcc/avr/5.4.0/../../../../avr/lib/avr5/memx-const/libc.a(__int_vsnprintf.o)
 .text          0x0000000000000000        0x0 /Applications/microchip/xc8/v2.36/avr/bin/../lib/gcc/avr/5.4.0/../../../../avr/lib/avr5/memx-const/libc.a(__int_vfprintf.o)
 .data          0x0000000000000000        0x0 /Applications/microchip/xc8/v2.36/avr/bin/../lib/gcc/avr/5.4.0/../../../../avr/lib/avr5/memx-const/libc.a(__int_vfprintf.o)
 .bss           0x0000000000000000        0x0 /Applications/microchip/xc8/v2.36/avr/bin/../lib/gcc/avr/5.4.0/../../../../avr/lib/avr5/memx-const/libc.a(__int_vfprintf.o)
 .stack.descriptors
                0x0000000000000000       0x18 /Applications/microchip/xc8/v2.36/avr/bin/../lib/gcc/avr/5.4.0/../../../../avr/lib/avr5/memx-const/libc.a(__int_vfprintf.o)
 .text          0x0000000000000000        0x0 /Applications/microchip/xc8/v2.36/avr/bin/../lib/gcc/avr/5.4.0/avr5/memx-const/libgcc.a(_exit.o)
 .data          0x0000000000000000        0x0 /Applications/microchip/xc8/v2.36/avr/bin/../lib/gcc/avr/5.4.0/avr5/memx-const/libgcc.a(_exit.o)
 .bss           0x0000000000000000        0x0 /Applications/microchip/xc8/v2.36/avr/bin/../lib/gcc/avr/5.4.0/avr5/memx-const/libgcc.a(_exit.o)
 .text.libgcc.mul
                0x0000000000000000        0x0 /Applications/microchip/xc8/v2.36/avr/bin/../lib/gcc/avr/5.4.0/avr5/memx-const/libgcc.a(_exit.o)
 .text.libgcc.div
                0x0000000000000000        0x0 /Applications/microchip/xc8/v2.36/avr/bin/../lib/gcc/avr/5.4.0/avr5/memx-const/libgcc.a(_exit.o)
 .text.libgcc   0x0000000000000000        0x0 /Applications/microchip/xc8/v2.36/avr/bin/../lib/gcc/avr/5.4.0/avr5/memx-const/libgcc.a(_exit.o)
 .text.libgcc.prologue
                0x0000000000000000        0x0 /Applications/microchip/xc8/v2.36/avr/bin/../lib/gcc/avr/5.4.0/avr5/memx-const/libgcc.a(_exit.o)
 .stack.descriptors
                0x0000000000000000       0x13 /Applications/microchip/xc8/v2.36/avr/bin/../lib/gcc/avr/5.4.0/avr5/memx-const/libgcc.a(_exit.o)
 .text.libgcc.builtins
                0x0000000000000000        0x0 /Applications/microchip/xc8/v2.36/avr/bin/../lib/gcc/avr/5.4.0/avr5/memx-const/libgcc.a(_exit.o)
 .text.libgcc.fmul
                0x0000000000000000        0x0 /Applications/microchip/xc8/v2.36/avr/bin/../lib/gcc/avr/5.4.0/avr5/memx-const/libgcc.a(_exit.o)
 .text.libgcc.fixed
                0x0000000000000000        0x0 /Applications/microchip/xc8/v2.36/avr/bin/../lib/gcc/avr/5.4.0/avr5/memx-const/libgcc.a(_exit.o)
 .text          0x0000000000000000        0x0 /Applications/microchip/xc8/v2.36/avr/bin/../lib/gcc/avr/5.4.0/avr5/memx-const/libgcc.a(_udivdi3.o)
 .data          0x0000000000000000        0x0 /Applications/microchip/xc8/v2.36/avr/bin/../lib/gcc/avr/5.4.0/avr5/memx-const/libgcc.a(_udivdi3.o)
 .bss           0x0000000000000000        0x0 /Applications/microchip/xc8/v2.36/avr/bin/../lib/gcc/avr/5.4.0/avr5/memx-const/libgcc.a(_udivdi3.o)
 .text.libgcc.mul
                0x0000000000000000        0x0 /Applications/microchip/xc8/v2.36/avr/bin/../lib/gcc/avr/5.4.0/avr5/memx-const/libgcc.a(_udivdi3.o)
 .stack.descriptors
                0x0000000000000000       0x4d /Applications/microchip/xc8/v2.36/avr/bin/../lib/gcc/avr/5.4.0/avr5/memx-const/libgcc.a(_udivdi3.o)
 .text.libgcc   0x0000000000000000        0x0 /Applications/microchip/xc8/v2.36/avr/bin/../lib/gcc/avr/5.4.0/avr5/memx-const/libgcc.a(_udivdi3.o)
 .text.libgcc.prologue
                0x0000000000000000        0x0 /Applications/microchip/xc8/v2.36/avr/bin/../lib/gcc/avr/5.4.0/avr5/memx-const/libgcc.a(_udivdi3.o)
 .text.libgcc.builtins
                0x0000000000000000        0x0 /Applications/microchip/xc8/v2.36/avr/bin/../lib/gcc/avr/5.4.0/avr5/memx-const/libgcc.a(_udivdi3.o)
 .text.libgcc.fmul
                0x0000000000000000        0x0 /Applications/microchip/xc8/v2.36/avr/bin/../lib/gcc/avr/5.4.0/avr5/memx-const/libgcc.a(_udivdi3.o)
 .text.libgcc.fixed
                0x0000000000000000        0x0 /Applications/microchip/xc8/v2.36/avr/bin/../lib/gcc/avr/5.4.0/avr5/memx-const/libgcc.a(_udivdi3.o)
 .text          0x0000000000000000        0x0 /Applications/microchip/xc8/v2.36/avr/bin/../lib/gcc/avr/5.4.0/avr5/memx-const/libgcc.a(_udivmod64.o)
 .data          0x0000000000000000        0x0 /Applications/microchip/xc8/v2.36/avr/bin/../lib/gcc/avr/5.4.0/avr5/memx-const/libgcc.a(_udivmod64.o)
 .bss           0x0000000000000000        0x0 /Applications/microchip/xc8/v2.36/avr/bin/../lib/gcc/avr/5.4.0/avr5/memx-const/libgcc.a(_udivmod64.o)
 .text.libgcc.mul
                0x0000000000000000        0x0 /Applications/microchip/xc8/v2.36/avr/bin/../lib/gcc/avr/5.4.0/avr5/memx-const/libgcc.a(_udivmod64.o)
 .stack.descriptors
                0x0000000000000000       0x19 /Applications/microchip/xc8/v2.36/avr/bin/../lib/gcc/avr/5.4.0/avr5/memx-const/libgcc.a(_udivmod64.o)
 .text.libgcc   0x0000000000000000        0x0 /Applications/microchip/xc8/v2.36/avr/bin/../lib/gcc/avr/5.4.0/avr5/memx-const/libgcc.a(_udivmod64.o)
 .text.libgcc.prologue
                0x0000000000000000        0x0 /Applications/microchip/xc8/v2.36/avr/bin/../lib/gcc/avr/5.4.0/avr5/memx-const/libgcc.a(_udivmod64.o)
 .text.libgcc.builtins
                0x0000000000000000        0x0 /Applications/microchip/xc8/v2.36/avr/bin/../lib/gcc/avr/5.4.0/avr5/memx-const/libgcc.a(_udivmod64.o)
 .text.libgcc.fmul
                0x0000000000000000        0x0 /Applications/microchip/xc8/v2.36/avr/bin/../lib/gcc/avr/5.4.0/avr5/memx-const/libgcc.a(_udivmod64.o)
 .text.libgcc.fixed
                0x0000000000000000        0x0 /Applications/microchip/xc8/v2.36/avr/bin/../lib/gcc/avr/5.4.0/avr5/memx-const/libgcc.a(_udivmod64.o)
 .text          0x0000000000000000        0x0 /Applications/microchip/xc8/v2.36/avr/bin/../lib/gcc/avr/5.4.0/avr5/memx-const/libgcc.a(_negdi2.o)
 .data          0x0000000000000000        0x0 /Applications/microchip/xc8/v2.36/avr/bin/../lib/gcc/avr/5.4.0/avr5/memx-const/libgcc.a(_negdi2.o)
 .bss           0x0000000000000000        0x0 /Applications/microchip/xc8/v2.36/avr/bin/../lib/gcc/avr/5.4.0/avr5/memx-const/libgcc.a(_negdi2.o)
 .text.libgcc.mul
                0x0000000000000000        0x0 /Applications/microchip/xc8/v2.36/avr/bin/../lib/gcc/avr/5.4.0/avr5/memx-const/libgcc.a(_negdi2.o)
 .text.libgcc.div
                0x0000000000000000        0x0 /Applications/microchip/xc8/v2.36/avr/bin/../lib/gcc/avr/5.4.0/avr5/memx-const/libgcc.a(_negdi2.o)
 .stack.descriptors
                0x0000000000000000       0x16 /Applications/microchip/xc8/v2.36/avr/bin/../lib/gcc/avr/5.4.0/avr5/memx-const/libgcc.a(_negdi2.o)
 .text.libgcc.prologue
                0x0000000000000000        0x0 /Applications/microchip/xc8/v2.36/avr/bin/../lib/gcc/avr/5.4.0/avr5/memx-const/libgcc.a(_negdi2.o)
 .text.libgcc.builtins
                0x0000000000000000        0x0 /Applications/microchip/xc8/v2.36/avr/bin/../lib/gcc/avr/5.4.0/avr5/memx-const/libgcc.a(_negdi2.o)
 .text.libgcc.fmul
                0x0000000000000000        0x0 /Applications/microchip/xc8/v2.36/avr/bin/../lib/gcc/avr/5.4.0/avr5/memx-const/libgcc.a(_negdi2.o)
 .text.libgcc.fixed
                0x0000000000000000        0x0 /Applications/microchip/xc8/v2.36/avr/bin/../lib/gcc/avr/5.4.0/avr5/memx-const/libgcc.a(_negdi2.o)
 .text          0x0000000000000000        0x0 /Applications/microchip/xc8/v2.36/avr/bin/../lib/gcc/avr/5.4.0/avr5/memx-const/libgcc.a(_prologue.o)
 .data          0x0000000000000000        0x0 /Applications/microchip/xc8/v2.36/avr/bin/../lib/gcc/avr/5.4.0/avr5/memx-const/libgcc.a(_prologue.o)
 .bss           0x0000000000000000        0x0 /Applications/microchip/xc8/v2.36/avr/bin/../lib/gcc/avr/5.4.0/avr5/memx-const/libgcc.a(_prologue.o)
 .text.libgcc.mul
                0x0000000000000000        0x0 /Applications/microchip/xc8/v2.36/avr/bin/../lib/gcc/avr/5.4.0/avr5/memx-const/libgcc.a(_prologue.o)
 .text.libgcc.div
                0x0000000000000000        0x0 /Applications/microchip/xc8/v2.36/avr/bin/../lib/gcc/avr/5.4.0/avr5/memx-const/libgcc.a(_prologue.o)
 .text.libgcc   0x0000000000000000        0x0 /Applications/microchip/xc8/v2.36/avr/bin/../lib/gcc/avr/5.4.0/avr5/memx-const/libgcc.a(_prologue.o)
 .text.libgcc.builtins
                0x0000000000000000        0x0 /Applications/microchip/xc8/v2.36/avr/bin/../lib/gcc/avr/5.4.0/avr5/memx-const/libgcc.a(_prologue.o)
 .text.libgcc.fmul
                0x0000000000000000        0x0 /Applications/microchip/xc8/v2.36/avr/bin/../lib/gcc/avr/5.4.0/avr5/memx-const/libgcc.a(_prologue.o)
 .text.libgcc.fixed
                0x0000000000000000        0x0 /Applications/microchip/xc8/v2.36/avr/bin/../lib/gcc/avr/5.4.0/avr5/memx-const/libgcc.a(_prologue.o)
 .text          0x0000000000000000        0x0 /Applications/microchip/xc8/v2.36/avr/bin/../lib/gcc/avr/5.4.0/avr5/memx-const/libgcc.a(_epilogue.o)
 .data          0x0000000000000000        0x0 /Applications/microchip/xc8/v2.36/avr/bin/../lib/gcc/avr/5.4.0/avr5/memx-const/libgcc.a(_epilogue.o)
 .bss           0x0000000000000000        0x0 /Applications/microchip/xc8/v2.36/avr/bin/../lib/gcc/avr/5.4.0/avr5/memx-const/libgcc.a(_epilogue.o)
 .text.libgcc.mul
                0x0000000000000000        0x0 /Applications/microchip/xc8/v2.36/avr/bin/../lib/gcc/avr/5.4.0/avr5/memx-const/libgcc.a(_epilogue.o)
 .text.libgcc.div
                0x0000000000000000        0x0 /Applications/microchip/xc8/v2.36/avr/bin/../lib/gcc/avr/5.4.0/avr5/memx-const/libgcc.a(_epilogue.o)
 .text.libgcc   0x0000000000000000        0x0 /Applications/microchip/xc8/v2.36/avr/bin/../lib/gcc/avr/5.4.0/avr5/memx-const/libgcc.a(_epilogue.o)
 .text.libgcc.builtins
                0x0000000000000000        0x0 /Applications/microchip/xc8/v2.36/avr/bin/../lib/gcc/avr/5.4.0/avr5/memx-const/libgcc.a(_epilogue.o)
 .text.libgcc.fmul
                0x0000000000000000        0x0 /Applications/microchip/xc8/v2.36/avr/bin/../lib/gcc/avr/5.4.0/avr5/memx-const/libgcc.a(_epilogue.o)
 .text.libgcc.fixed
                0x0000000000000000        0x0 /Applications/microchip/xc8/v2.36/avr/bin/../lib/gcc/avr/5.4.0/avr5/memx-const/libgcc.a(_epilogue.o)
 .text          0x0000000000000000        0x0 /Applications/microchip/xc8/v2.36/avr/bin/../lib/gcc/avr/5.4.0/avr5/memx-const/libgcc.a(_movmemx.o)
 .data          0x0000000000000000        0x0 /Applications/microchip/xc8/v2.36/avr/bin/../lib/gcc/avr/5.4.0/avr5/memx-const/libgcc.a(_movmemx.o)
 .bss           0x0000000000000000        0x0 /Applications/microchip/xc8/v2.36/avr/bin/../lib/gcc/avr/5.4.0/avr5/memx-const/libgcc.a(_movmemx.o)
 .text.libgcc.mul
                0x0000000000000000        0x0 /Applications/microchip/xc8/v2.36/avr/bin/../lib/gcc/avr/5.4.0/avr5/memx-const/libgcc.a(_movmemx.o)
 .text.libgcc.div
                0x0000000000000000        0x0 /Applications/microchip/xc8/v2.36/avr/bin/../lib/gcc/avr/5.4.0/avr5/memx-const/libgcc.a(_movmemx.o)
 .text.libgcc.prologue
                0x0000000000000000        0x0 /Applications/microchip/xc8/v2.36/avr/bin/../lib/gcc/avr/5.4.0/avr5/memx-const/libgcc.a(_movmemx.o)
 .stack.descriptors
                0x0000000000000000       0x34 /Applications/microchip/xc8/v2.36/avr/bin/../lib/gcc/avr/5.4.0/avr5/memx-const/libgcc.a(_movmemx.o)
 .text.libgcc.builtins
                0x0000000000000000        0x0 /Applications/microchip/xc8/v2.36/avr/bin/../lib/gcc/avr/5.4.0/avr5/memx-const/libgcc.a(_movmemx.o)
 .text.libgcc.fmul
                0x0000000000000000        0x0 /Applications/microchip/xc8/v2.36/avr/bin/../lib/gcc/avr/5.4.0/avr5/memx-const/libgcc.a(_movmemx.o)
 .text.libgcc.fixed
                0x0000000000000000        0x0 /Applications/microchip/xc8/v2.36/avr/bin/../lib/gcc/avr/5.4.0/avr5/memx-const/libgcc.a(_movmemx.o)
 .text          0x0000000000000000        0x0 /Applications/microchip/xc8/v2.36/avr/bin/../lib/gcc/avr/5.4.0/avr5/memx-const/libgcc.a(_ashrdi3.o)
 .data          0x0000000000000000        0x0 /Applications/microchip/xc8/v2.36/avr/bin/../lib/gcc/avr/5.4.0/avr5/memx-const/libgcc.a(_ashrdi3.o)
 .bss           0x0000000000000000        0x0 /Applications/microchip/xc8/v2.36/avr/bin/../lib/gcc/avr/5.4.0/avr5/memx-const/libgcc.a(_ashrdi3.o)
 .text.libgcc.mul
                0x0000000000000000        0x0 /Applications/microchip/xc8/v2.36/avr/bin/../lib/gcc/avr/5.4.0/avr5/memx-const/libgcc.a(_ashrdi3.o)
 .text.libgcc.div
                0x0000000000000000        0x0 /Applications/microchip/xc8/v2.36/avr/bin/../lib/gcc/avr/5.4.0/avr5/memx-const/libgcc.a(_ashrdi3.o)
 .text.libgcc   0x0000000000000000        0x0 /Applications/microchip/xc8/v2.36/avr/bin/../lib/gcc/avr/5.4.0/avr5/memx-const/libgcc.a(_ashrdi3.o)
 .text.libgcc.prologue
                0x0000000000000000        0x0 /Applications/microchip/xc8/v2.36/avr/bin/../lib/gcc/avr/5.4.0/avr5/memx-const/libgcc.a(_ashrdi3.o)
 .stack.descriptors
                0x0000000000000000       0x2e /Applications/microchip/xc8/v2.36/avr/bin/../lib/gcc/avr/5.4.0/avr5/memx-const/libgcc.a(_ashrdi3.o)
 .text.libgcc.fmul
                0x0000000000000000        0x0 /Applications/microchip/xc8/v2.36/avr/bin/../lib/gcc/avr/5.4.0/avr5/memx-const/libgcc.a(_ashrdi3.o)
 .text.libgcc.fixed
                0x0000000000000000        0x0 /Applications/microchip/xc8/v2.36/avr/bin/../lib/gcc/avr/5.4.0/avr5/memx-const/libgcc.a(_ashrdi3.o)
 .text          0x0000000000000000        0x0 /Applications/microchip/xc8/v2.36/avr/bin/../lib/gcc/avr/5.4.0/avr5/memx-const/libgcc.a(_cmpdi2_s8.o)
 .data          0x0000000000000000        0x0 /Applications/microchip/xc8/v2.36/avr/bin/../lib/gcc/avr/5.4.0/avr5/memx-const/libgcc.a(_cmpdi2_s8.o)
 .bss           0x0000000000000000        0x0 /Applications/microchip/xc8/v2.36/avr/bin/../lib/gcc/avr/5.4.0/avr5/memx-const/libgcc.a(_cmpdi2_s8.o)
 .text.libgcc.mul
                0x0000000000000000        0x0 /Applications/microchip/xc8/v2.36/avr/bin/../lib/gcc/avr/5.4.0/avr5/memx-const/libgcc.a(_cmpdi2_s8.o)
 .text.libgcc.div
                0x0000000000000000        0x0 /Applications/microchip/xc8/v2.36/avr/bin/../lib/gcc/avr/5.4.0/avr5/memx-const/libgcc.a(_cmpdi2_s8.o)
 .stack.descriptors
                0x0000000000000000       0x19 /Applications/microchip/xc8/v2.36/avr/bin/../lib/gcc/avr/5.4.0/avr5/memx-const/libgcc.a(_cmpdi2_s8.o)
 .text.libgcc.prologue
                0x0000000000000000        0x0 /Applications/microchip/xc8/v2.36/avr/bin/../lib/gcc/avr/5.4.0/avr5/memx-const/libgcc.a(_cmpdi2_s8.o)
 .text.libgcc.builtins
                0x0000000000000000        0x0 /Applications/microchip/xc8/v2.36/avr/bin/../lib/gcc/avr/5.4.0/avr5/memx-const/libgcc.a(_cmpdi2_s8.o)
 .text.libgcc.fmul
                0x0000000000000000        0x0 /Applications/microchip/xc8/v2.36/avr/bin/../lib/gcc/avr/5.4.0/avr5/memx-const/libgcc.a(_cmpdi2_s8.o)
 .text.libgcc.fixed
                0x0000000000000000        0x0 /Applications/microchip/xc8/v2.36/avr/bin/../lib/gcc/avr/5.4.0/avr5/memx-const/libgcc.a(_cmpdi2_s8.o)

Memory Configuration

Name             Origin             Length             Attributes
text             0x0000000000000000 0x0000000000008000 xr
data             0x0000000000800100 0x0000000000000800 rw !x
eeprom           0x0000000000810000 0x0000000000000400 rw !x
fuse             0x0000000000820000 0x0000000000000003 rw !x
lock             0x0000000000830000 0x0000000000000400 rw !x
signature        0x0000000000840000 0x0000000000000400 rw !x
user_signatures  0x0000000000850000 0x0000000000000400 rw !x
*default*        0x0000000000000000 0xffffffffffffffff

Linker script and memory map

Address of section .data set to 0x800100
LOAD /Applications/microchip/mplabx/v5.45/packs/Microchip/ATmega_DFP/2.2.108/xc8/avr/lib/avr5/memx-const/crtatmega328p.o
                0x0000000000000001                __MPLAB_BUILD = 0x1
LOAD build/default/production/quiz_2.o
START GROUP
LOAD /Applications/microchip/xc8/v2.36/avr/bin/../lib/gcc/avr/5.4.0/../../../../avr/lib/avr5/memx-const/libm.a
END GROUP
START GROUP
LOAD /Applications/microchip/xc8/v2.36/avr/bin/../lib/gcc/avr/5.4.0/avr5/memx-const/libgcc.a
LOAD /Applications/microchip/xc8/v2.36/avr/bin/../lib/gcc/avr/5.4.0/../../../../avr/lib/avr5/memx-const/libm.a
LOAD /Applications/microchip/xc8/v2.36/avr/bin/../lib/gcc/avr/5.4.0/../../../../avr/lib/avr5/memx-const/libc.a
LOAD /Applications/microchip/mplabx/v5.45/packs/Microchip/ATmega_DFP/2.2.108/xc8/avr/lib/avr5/memx-const/libatmega328p.a
END GROUP
                0x0000000000000000                __TEXT_REGION_ORIGIN__ = DEFINED (__TEXT_REGION_ORIGIN__)?__TEXT_REGION_ORIGIN__:0x0
                [0x0000000000800100]                __DATA_REGION_ORIGIN__ = DEFINED (__DATA_REGION_ORIGIN__)?__DATA_REGION_ORIGIN__:0x800060
                [0x0000000000008000]                __TEXT_REGION_LENGTH__ = DEFINED (__TEXT_REGION_LENGTH__)?__TEXT_REGION_LENGTH__:0x20000
                [0x0000000000000800]                __DATA_REGION_LENGTH__ = DEFINED (__DATA_REGION_LENGTH__)?__DATA_REGION_LENGTH__:0xffa0
                [0x0000000000000400]                __EEPROM_REGION_LENGTH__ = DEFINED (__EEPROM_REGION_LENGTH__)?__EEPROM_REGION_LENGTH__:0x10000
                [0x0000000000000003]                __FUSE_REGION_LENGTH__ = DEFINED (__FUSE_REGION_LENGTH__)?__FUSE_REGION_LENGTH__:0x400
                0x0000000000000400                __LOCK_REGION_LENGTH__ = DEFINED (__LOCK_REGION_LENGTH__)?__LOCK_REGION_LENGTH__:0x400
                0x0000000000000400                __SIGNATURE_REGION_LENGTH__ = DEFINED (__SIGNATURE_REGION_LENGTH__)?__SIGNATURE_REGION_LENGTH__:0x400
                0x0000000000000400                __USER_SIGNATURE_REGION_LENGTH__ = DEFINED (__USER_SIGNATURE_REGION_LENGTH__)?__USER_SIGNATURE_REGION_LENGTH__:0x400

.hash
 *(.hash)

.dynsym
 *(.dynsym)

.dynstr
 *(.dynstr)

.gnu.version
 *(.gnu.version)

.gnu.version_d
 *(.gnu.version_d)

.gnu.version_r
 *(.gnu.version_r)

.rel.init
 *(.rel.init)

.rela.init
 *(.rela.init)

.rel.text
 *(.rel.text)
 *(.rel.text.*)
 *(.rel.gnu.linkonce.t*)

.rela.text
 *(.rela.text)
 *(.rela.text.*)
 *(.rela.gnu.linkonce.t*)

.rel.fini
 *(.rel.fini)

.rela.fini
 *(.rela.fini)

.rel.rodata
 *(.rel.rodata)
 *(.rel.rodata.*)
 *(.rel.gnu.linkonce.r*)

.rela.rodata
 *(.rela.rodata)
 *(.rela.rodata.*)
 *(.rela.gnu.linkonce.r*)

.rel.data
 *(.rel.data)
 *(.rel.data.*)
 *(.rel.gnu.linkonce.d*)

.rela.data
 *(.rela.data)
 *(.rela.data.*)
 *(.rela.gnu.linkonce.d*)

.rel.ctors
 *(.rel.ctors)

.rela.ctors
 *(.rela.ctors)

.rel.dtors
 *(.rel.dtors)

.rela.dtors
 *(.rela.dtors)

.rel.got
 *(.rel.got)

.rela.got
 *(.rela.got)

.rel.bss
 *(.rel.bss)

.rela.bss
 *(.rela.bss)

.rel.plt
 *(.rel.plt)

.rela.plt
 *(.rela.plt)

.text           0x0000000000000000       0xc2
 *(.vectors)
 .vectors       0x0000000000000000       0x68 /Applications/microchip/mplabx/v5.45/packs/Microchip/ATmega_DFP/2.2.108/xc8/avr/lib/avr5/memx-const/crtatmega328p.o
                0x0000000000000000                __vectors
                0x0000000000000000                __vector_default
 *(.vectors)
 *(.progmem.gcc*)
 *(.dinit)
 .dinit         0x0000000000000068        0x5 data_init
                0x000000000000006e                . = ALIGN (0x2)
 *fill*         0x000000000000006d        0x1 
                0x000000000000006e                __trampolines_start = .
 *(.trampolines)
 .trampolines   0x000000000000006e        0x0 linker stubs
 *(.trampolines*)
                0x000000000000006e                __trampolines_end = .
 *libprintf_flt.a:*(.progmem.data)
 *libc.a:*(.progmem.data)
                0x000000000000006e                . = ALIGN (0x2)
 *(.jumptables)
 *(.jumptables*)
 *(.lowtext)
 *(.lowtext*)
                0x000000000000006e                __ctors_start = .
 *(.ctors)
                0x000000000000006e                __ctors_end = .
                0x000000000000006e                __dtors_start = .
 *(.dtors)
                0x000000000000006e                __dtors_end = .
 SORT(*)(.ctors)
 SORT(*)(.dtors)
 *(.init0)
 .init0         0x000000000000006e        0x0 /Applications/microchip/mplabx/v5.45/packs/Microchip/ATmega_DFP/2.2.108/xc8/avr/lib/avr5/memx-const/crtatmega328p.o
                0x000000000000006e                __init
 *(.init0)
 *(.init1)
 *(.init1)
 *(.init2)
 .init2         0x000000000000006e        0xc /Applications/microchip/mplabx/v5.45/packs/Microchip/ATmega_DFP/2.2.108/xc8/avr/lib/avr5/memx-const/crtatmega328p.o
 *(.init2)
 *(.init3)
 *(.init3)
 *(.init4)
 .init4         0x000000000000007a       0x3c /Applications/microchip/xc8/v2.36/avr/bin/../lib/gcc/avr/5.4.0/avr5/memx-const/libgcc.a(_copy_data.o)
                0x000000000000007a                __do_copy_data
                0x00000000000000a8                __do_clear_bss
 *(.init4)
 *(.init5)
 *(.init5)
 *(.init6)
 *(.init6)
 *(.init7)
 *(.init7)
 *(.init8)
 *(.init8)
 *(.init9)
 .init9         0x00000000000000b6        0x8 /Applications/microchip/mplabx/v5.45/packs/Microchip/ATmega_DFP/2.2.108/xc8/avr/lib/avr5/memx-const/crtatmega328p.o
 *(.init9)
                0x00000000000000be                . = ALIGN (0x2)
 *(.fini9)
 .fini9         0x00000000000000be        0x0 /Applications/microchip/xc8/v2.36/avr/bin/../lib/gcc/avr/5.4.0/avr5/memx-const/libgcc.a(_exit.o)
                0x00000000000000be                _exit
 *(.fini9)
 *(.fini8)
 *(.fini8)
 *(.fini7)
 *(.fini7)
 *(.fini6)
 *(.fini6)
 *(.fini5)
 *(.fini5)
 *(.fini4)
 *(.fini4)
 *(.fini3)
 *(.fini3)
 *(.fini2)
 *(.fini2)
 *(.fini1)
 *(.fini1)
 *(.fini0)
 .fini0         0x00000000000000be        0x4 /Applications/microchip/xc8/v2.36/avr/bin/../lib/gcc/avr/5.4.0/avr5/memx-const/libgcc.a(_exit.o)
 *(.fini0)
                0x00000000000000c2                _etext = .

.data           0x0000000000800100        0x0 load address 0x00000000000000c2
                [!provide]                        PROVIDE (__data_start, .)
 *(.gnu.linkonce.d*)
 *(.gnu.linkonce.r*)
                0x0000000000800100                . = ALIGN (0x2)
                0x0000000000800100                _edata = .
                [!provide]                        PROVIDE (__data_end, .)

.bss            0x0000000000800100        0x2
                [!provide]                        PROVIDE (__bss_start, .)
 *(COMMON)
 COMMON         0x0000000000800100        0x2 /Applications/microchip/xc8/v2.36/avr/bin/../lib/gcc/avr/5.4.0/../../../../avr/lib/avr5/memx-const/libc.a(errno.o)
                0x0000000000800100                __errno_val
                [!provide]                        PROVIDE (__bss_end, .)
                0x00000000000000c2                __data_load_start = LOADADDR (.data)
                0x00000000000000c2                __data_load_end = (__data_load_start + SIZEOF (.data))

.noinit         0x0000000000800102        0x0
                [!provide]                        PROVIDE (__noinit_start, .)
 *(.noinit*)
                [!provide]                        PROVIDE (__noinit_end, .)
                0x0000000000800102                _end = .

.eeprom         0x0000000000810000        0x0
 *(.eeprom*)
                0x0000000000810000                __eeprom_end = .

.fuse
 *(.fuse)
 *(.lfuse)
 *(.hfuse)
 *(.efuse)

.lock
 *(.lock*)

.signature
 *(.signature*)

.user_signatures
 *(.user_signatures*)

.stab
 *(.stab)

.stabstr
 *(.stabstr)

.stab.excl
 *(.stab.excl)

.stab.exclstr
 *(.stab.exclstr)

.stab.index
 *(.stab.index)

.stab.indexstr
 *(.stab.indexstr)

.comment        0x0000000000000000       0x5b
 *(.comment)
 .comment       0x0000000000000000       0x2f build/default/production/quiz_2.o
                                         0x30 (size before relaxing)
 .comment       0x000000000000002f       0x2c /Applications/microchip/xc8/v2.36/avr/bin/../lib/gcc/avr/5.4.0/../../../../avr/lib/avr5/memx-const/libc.a(exit.o)
                                         0x2d (size before relaxing)
 .comment       0x000000000000005b       0x2d /Applications/microchip/xc8/v2.36/avr/bin/../lib/gcc/avr/5.4.0/../../../../avr/lib/avr5/memx-const/libc.a(__sio_sprintf_doux.o)
 .comment       0x000000000000005b       0x2d /Applications/microchip/xc8/v2.36/avr/bin/../lib/gcc/avr/5.4.0/../../../../avr/lib/avr5/memx-const/libc.a(__fmt_s.o)
 .comment       0x000000000000005b       0x2d /Applications/microchip/xc8/v2.36/avr/bin/../lib/gcc/avr/5.4.0/../../../../avr/lib/avr5/memx-const/libc.a(__printf_core.o)
 .comment       0x000000000000005b       0x2d /Applications/microchip/xc8/v2.36/avr/bin/../lib/gcc/avr/5.4.0/../../../../avr/lib/avr5/memx-const/libc.a(fputc.o)
 .comment       0x000000000000005b       0x2d /Applications/microchip/xc8/v2.36/avr/bin/../lib/gcc/avr/5.4.0/../../../../avr/lib/avr5/memx-const/libc.a(__fmt_d.o)
 .comment       0x000000000000005b       0x2d /Applications/microchip/xc8/v2.36/avr/bin/../lib/gcc/avr/5.4.0/../../../../avr/lib/avr5/memx-const/libc.a(__fmt_o.o)
 .comment       0x000000000000005b       0x2d /Applications/microchip/xc8/v2.36/avr/bin/../lib/gcc/avr/5.4.0/../../../../avr/lib/avr5/memx-const/libc.a(__fmt_u.o)
 .comment       0x000000000000005b       0x2d /Applications/microchip/xc8/v2.36/avr/bin/../lib/gcc/avr/5.4.0/../../../../avr/lib/avr5/memx-const/libc.a(__fmt_x.o)
 .comment       0x000000000000005b       0x2d /Applications/microchip/xc8/v2.36/avr/bin/../lib/gcc/avr/5.4.0/../../../../avr/lib/avr5/memx-const/libc.a(__pop_float.o)
 .comment       0x000000000000005b       0x2d /Applications/microchip/xc8/v2.36/avr/bin/../lib/gcc/avr/5.4.0/../../../../avr/lib/avr5/memx-const/libc.a(__pop_int.o)
 .comment       0x000000000000005b       0x2d /Applications/microchip/xc8/v2.36/avr/bin/../lib/gcc/avr/5.4.0/../../../../avr/lib/avr5/memx-const/libc.a(__pop_ptr.o)
 .comment       0x000000000000005b       0x2d /Applications/microchip/xc8/v2.36/avr/bin/../lib/gcc/avr/5.4.0/../../../../avr/lib/avr5/memx-const/libc.a(atoi.o)
 .comment       0x000000000000005b       0x2d /Applications/microchip/xc8/v2.36/avr/bin/../lib/gcc/avr/5.4.0/../../../../avr/lib/avr5/memx-const/libc.a(memset.o)
 .comment       0x000000000000005b       0x2d /Applications/microchip/xc8/v2.36/avr/bin/../lib/gcc/avr/5.4.0/../../../../avr/lib/avr5/memx-const/libc.a(strlen.o)
 .comment       0x000000000000005b       0x2d /Applications/microchip/xc8/v2.36/avr/bin/../lib/gcc/avr/5.4.0/../../../../avr/lib/avr5/memx-const/libc.a(tolower.o)
 .comment       0x000000000000005b       0x2d /Applications/microchip/xc8/v2.36/avr/bin/../lib/gcc/avr/5.4.0/../../../../avr/lib/avr5/memx-const/libc.a(toupper.o)
 .comment       0x000000000000005b       0x2d /Applications/microchip/xc8/v2.36/avr/bin/../lib/gcc/avr/5.4.0/../../../../avr/lib/avr5/memx-const/libc.a(errno.o)
 .comment       0x000000000000005b       0x2d /Applications/microchip/xc8/v2.36/avr/bin/../lib/gcc/avr/5.4.0/../../../../avr/lib/avr5/memx-const/libc.a(_Exit.o)
 .comment       0x000000000000005b       0x2d /Applications/microchip/xc8/v2.36/avr/bin/../lib/gcc/avr/5.4.0/../../../../avr/lib/avr5/memx-const/libc.a(__int_vsprintf.o)
 .comment       0x000000000000005b       0x2d /Applications/microchip/xc8/v2.36/avr/bin/../lib/gcc/avr/5.4.0/../../../../avr/lib/avr5/memx-const/libc.a(__int_vsnprintf.o)
 .comment       0x000000000000005b       0x2d /Applications/microchip/xc8/v2.36/avr/bin/../lib/gcc/avr/5.4.0/../../../../avr/lib/avr5/memx-const/libc.a(__int_vfprintf.o)

.stack.descriptors.hdr
                0x0000000000000000      0x1b2
 .stack.descriptors.hdr
                0x0000000000000000        0xe /Applications/microchip/xc8/v2.36/avr/bin/../lib/gcc/avr/5.4.0/avr5/memx-const/libgcc.a(_divmodhi4.o)
 .stack.descriptors.hdr
                0x000000000000000e        0xe /Applications/microchip/xc8/v2.36/avr/bin/../lib/gcc/avr/5.4.0/avr5/memx-const/libgcc.a(_udivmodhi4.o)
 .stack.descriptors.hdr
                0x000000000000001c        0xe /Applications/microchip/xc8/v2.36/avr/bin/../lib/gcc/avr/5.4.0/../../../../avr/lib/avr5/memx-const/libc.a(exit.o)
 .stack.descriptors.hdr
                0x000000000000002a        0xe /Applications/microchip/xc8/v2.36/avr/bin/../lib/gcc/avr/5.4.0/../../../../avr/lib/avr5/memx-const/libc.a(__sio_sprintf_doux.o)
 .stack.descriptors.hdr
                0x0000000000000038        0xe /Applications/microchip/xc8/v2.36/avr/bin/../lib/gcc/avr/5.4.0/../../../../avr/lib/avr5/memx-const/libc.a(__fmt_s.o)
 .stack.descriptors.hdr
                0x0000000000000046        0xe /Applications/microchip/xc8/v2.36/avr/bin/../lib/gcc/avr/5.4.0/../../../../avr/lib/avr5/memx-const/libc.a(__printf_core.o)
 .stack.descriptors.hdr
                0x0000000000000054        0xe /Applications/microchip/xc8/v2.36/avr/bin/../lib/gcc/avr/5.4.0/../../../../avr/lib/avr5/memx-const/libc.a(fputc.o)
 .stack.descriptors.hdr
                0x0000000000000062        0xe /Applications/microchip/xc8/v2.36/avr/bin/../lib/gcc/avr/5.4.0/../../../../avr/lib/avr5/memx-const/libc.a(__fmt_d.o)
 .stack.descriptors.hdr
                0x0000000000000070        0xe /Applications/microchip/xc8/v2.36/avr/bin/../lib/gcc/avr/5.4.0/../../../../avr/lib/avr5/memx-const/libc.a(__fmt_o.o)
 .stack.descriptors.hdr
                0x000000000000007e        0xe /Applications/microchip/xc8/v2.36/avr/bin/../lib/gcc/avr/5.4.0/../../../../avr/lib/avr5/memx-const/libc.a(__fmt_u.o)
 .stack.descriptors.hdr
                0x000000000000008c        0xe /Applications/microchip/xc8/v2.36/avr/bin/../lib/gcc/avr/5.4.0/../../../../avr/lib/avr5/memx-const/libc.a(__fmt_x.o)
 .stack.descriptors.hdr
                0x000000000000009a        0xe /Applications/microchip/xc8/v2.36/avr/bin/../lib/gcc/avr/5.4.0/../../../../avr/lib/avr5/memx-const/libc.a(__pop_float.o)
 .stack.descriptors.hdr
                0x00000000000000a8        0xe /Applications/microchip/xc8/v2.36/avr/bin/../lib/gcc/avr/5.4.0/../../../../avr/lib/avr5/memx-const/libc.a(__pop_int.o)
 .stack.descriptors.hdr
                0x00000000000000b6        0xe /Applications/microchip/xc8/v2.36/avr/bin/../lib/gcc/avr/5.4.0/../../../../avr/lib/avr5/memx-const/libc.a(__pop_ptr.o)
 .stack.descriptors.hdr
                0x00000000000000c4        0xe /Applications/microchip/xc8/v2.36/avr/bin/../lib/gcc/avr/5.4.0/../../../../avr/lib/avr5/memx-const/libc.a(atoi.o)
 .stack.descriptors.hdr
                0x00000000000000d2        0xe /Applications/microchip/xc8/v2.36/avr/bin/../lib/gcc/avr/5.4.0/../../../../avr/lib/avr5/memx-const/libc.a(memset.o)
 .stack.descriptors.hdr
                0x00000000000000e0        0xe /Applications/microchip/xc8/v2.36/avr/bin/../lib/gcc/avr/5.4.0/../../../../avr/lib/avr5/memx-const/libc.a(strlen.o)
 .stack.descriptors.hdr
                0x00000000000000ee        0xe /Applications/microchip/xc8/v2.36/avr/bin/../lib/gcc/avr/5.4.0/../../../../avr/lib/avr5/memx-const/libc.a(tolower.o)
 .stack.descriptors.hdr
                0x00000000000000fc        0xe /Applications/microchip/xc8/v2.36/avr/bin/../lib/gcc/avr/5.4.0/../../../../avr/lib/avr5/memx-const/libc.a(toupper.o)
 .stack.descriptors.hdr
                0x000000000000010a        0xe /Applications/microchip/xc8/v2.36/avr/bin/../lib/gcc/avr/5.4.0/../../../../avr/lib/avr5/memx-const/libc.a(errno.o)
 .stack.descriptors.hdr
                0x0000000000000118        0xe /Applications/microchip/xc8/v2.36/avr/bin/../lib/gcc/avr/5.4.0/../../../../avr/lib/avr5/memx-const/libc.a(_Exit.o)
 .stack.descriptors.hdr
                0x0000000000000126        0xe /Applications/microchip/xc8/v2.36/avr/bin/../lib/gcc/avr/5.4.0/../../../../avr/lib/avr5/memx-const/libc.a(__int_vsprintf.o)
 .stack.descriptors.hdr
                0x0000000000000134        0xe /Applications/microchip/xc8/v2.36/avr/bin/../lib/gcc/avr/5.4.0/../../../../avr/lib/avr5/memx-const/libc.a(__int_vsnprintf.o)
 .stack.descriptors.hdr
                0x0000000000000142        0xe /Applications/microchip/xc8/v2.36/avr/bin/../lib/gcc/avr/5.4.0/../../../../avr/lib/avr5/memx-const/libc.a(__int_vfprintf.o)
 .stack.descriptors.hdr
                0x0000000000000150        0xe /Applications/microchip/xc8/v2.36/avr/bin/../lib/gcc/avr/5.4.0/avr5/memx-const/libgcc.a(_exit.o)
 .stack.descriptors.hdr
                0x000000000000015e        0xe /Applications/microchip/xc8/v2.36/avr/bin/../lib/gcc/avr/5.4.0/avr5/memx-const/libgcc.a(_udivdi3.o)
 .stack.descriptors.hdr
                0x000000000000016c        0xe /Applications/microchip/xc8/v2.36/avr/bin/../lib/gcc/avr/5.4.0/avr5/memx-const/libgcc.a(_udivmod64.o)
 .stack.descriptors.hdr
                0x000000000000017a        0xe /Applications/microchip/xc8/v2.36/avr/bin/../lib/gcc/avr/5.4.0/avr5/memx-const/libgcc.a(_negdi2.o)
 .stack.descriptors.hdr
                0x0000000000000188        0xe /Applications/microchip/xc8/v2.36/avr/bin/../lib/gcc/avr/5.4.0/avr5/memx-const/libgcc.a(_movmemx.o)
 .stack.descriptors.hdr
                0x0000000000000196        0xe /Applications/microchip/xc8/v2.36/avr/bin/../lib/gcc/avr/5.4.0/avr5/memx-const/libgcc.a(_ashrdi3.o)
 .stack.descriptors.hdr
                0x00000000000001a4        0xe /Applications/microchip/xc8/v2.36/avr/bin/../lib/gcc/avr/5.4.0/avr5/memx-const/libgcc.a(_cmpdi2_s8.o)

.note.GNU-stack
                0x0000000000000000        0x0
 .note.GNU-stack
                0x0000000000000000        0x0 /Applications/microchip/xc8/v2.36/avr/bin/../lib/gcc/avr/5.4.0/../../../../avr/lib/avr5/memx-const/libc.a(exit.o)
 .note.GNU-stack
                0x0000000000000000        0x0 /Applications/microchip/xc8/v2.36/avr/bin/../lib/gcc/avr/5.4.0/../../../../avr/lib/avr5/memx-const/libc.a(__sio_sprintf_doux.o)
 .note.GNU-stack
                0x0000000000000000        0x0 /Applications/microchip/xc8/v2.36/avr/bin/../lib/gcc/avr/5.4.0/../../../../avr/lib/avr5/memx-const/libc.a(__fmt_s.o)
 .note.GNU-stack
                0x0000000000000000        0x0 /Applications/microchip/xc8/v2.36/avr/bin/../lib/gcc/avr/5.4.0/../../../../avr/lib/avr5/memx-const/libc.a(__printf_core.o)
 .note.GNU-stack
                0x0000000000000000        0x0 /Applications/microchip/xc8/v2.36/avr/bin/../lib/gcc/avr/5.4.0/../../../../avr/lib/avr5/memx-const/libc.a(fputc.o)
 .note.GNU-stack
                0x0000000000000000        0x0 /Applications/microchip/xc8/v2.36/avr/bin/../lib/gcc/avr/5.4.0/../../../../avr/lib/avr5/memx-const/libc.a(__fmt_d.o)
 .note.GNU-stack
                0x0000000000000000        0x0 /Applications/microchip/xc8/v2.36/avr/bin/../lib/gcc/avr/5.4.0/../../../../avr/lib/avr5/memx-const/libc.a(__fmt_o.o)
 .note.GNU-stack
                0x0000000000000000        0x0 /Applications/microchip/xc8/v2.36/avr/bin/../lib/gcc/avr/5.4.0/../../../../avr/lib/avr5/memx-const/libc.a(__fmt_u.o)
 .note.GNU-stack
                0x0000000000000000        0x0 /Applications/microchip/xc8/v2.36/avr/bin/../lib/gcc/avr/5.4.0/../../../../avr/lib/avr5/memx-const/libc.a(__fmt_x.o)
 .note.GNU-stack
                0x0000000000000000        0x0 /Applications/microchip/xc8/v2.36/avr/bin/../lib/gcc/avr/5.4.0/../../../../avr/lib/avr5/memx-const/libc.a(__pop_float.o)
 .note.GNU-stack
                0x0000000000000000        0x0 /Applications/microchip/xc8/v2.36/avr/bin/../lib/gcc/avr/5.4.0/../../../../avr/lib/avr5/memx-const/libc.a(__pop_int.o)
 .note.GNU-stack
                0x0000000000000000        0x0 /Applications/microchip/xc8/v2.36/avr/bin/../lib/gcc/avr/5.4.0/../../../../avr/lib/avr5/memx-const/libc.a(__pop_ptr.o)
 .note.GNU-stack
                0x0000000000000000        0x0 /Applications/microchip/xc8/v2.36/avr/bin/../lib/gcc/avr/5.4.0/../../../../avr/lib/avr5/memx-const/libc.a(atoi.o)
 .note.GNU-stack
                0x0000000000000000        0x0 /Applications/microchip/xc8/v2.36/avr/bin/../lib/gcc/avr/5.4.0/../../../../avr/lib/avr5/memx-const/libc.a(memset.o)
 .note.GNU-stack
                0x0000000000000000        0x0 /Applications/microchip/xc8/v2.36/avr/bin/../lib/gcc/avr/5.4.0/../../../../avr/lib/avr5/memx-const/libc.a(strlen.o)
 .note.GNU-stack
                0x0000000000000000        0x0 /Applications/microchip/xc8/v2.36/avr/bin/../lib/gcc/avr/5.4.0/../../../../avr/lib/avr5/memx-const/libc.a(tolower.o)
 .note.GNU-stack
                0x0000000000000000        0x0 /Applications/microchip/xc8/v2.36/avr/bin/../lib/gcc/avr/5.4.0/../../../../avr/lib/avr5/memx-const/libc.a(toupper.o)
 .note.GNU-stack
                0x0000000000000000        0x0 /Applications/microchip/xc8/v2.36/avr/bin/../lib/gcc/avr/5.4.0/../../../../avr/lib/avr5/memx-const/libc.a(errno.o)
 .note.GNU-stack
                0x0000000000000000        0x0 /Applications/microchip/xc8/v2.36/avr/bin/../lib/gcc/avr/5.4.0/../../../../avr/lib/avr5/memx-const/libc.a(_Exit.o)
 .note.GNU-stack
                0x0000000000000000        0x0 /Applications/microchip/xc8/v2.36/avr/bin/../lib/gcc/avr/5.4.0/../../../../avr/lib/avr5/memx-const/libc.a(__int_vsprintf.o)
 .note.GNU-stack
                0x0000000000000000        0x0 /Applications/microchip/xc8/v2.36/avr/bin/../lib/gcc/avr/5.4.0/../../../../avr/lib/avr5/memx-const/libc.a(__int_vsnprintf.o)
 .note.GNU-stack
                0x0000000000000000        0x0 /Applications/microchip/xc8/v2.36/avr/bin/../lib/gcc/avr/5.4.0/../../../../avr/lib/avr5/memx-const/libc.a(__int_vfprintf.o)

.note.gnu.build-id
 *(.note.gnu.build-id)

.debug
 *(.debug)

.line
 *(.line)

.debug_srcinfo
 *(.debug_srcinfo)

.debug_sfnames
 *(.debug_sfnames)

.debug_aranges  0x0000000000000000       0x60
 *(.debug_aranges)
 .debug_aranges
                0x0000000000000000       0x60 build/default/production/quiz_2.o

.debug_pubnames
 *(.debug_pubnames)

.debug_info     0x0000000000000000     0x29e9
 *(.debug_info .gnu.linkonce.wi.*)
 .debug_info    0x0000000000000000      0x5f4 /Applications/microchip/mplabx/v5.45/packs/Microchip/ATmega_DFP/2.2.108/xc8/avr/lib/avr5/memx-const/crtatmega328p.o
 .debug_info    0x00000000000005f4     0x23f5 build/default/production/quiz_2.o

.debug_abbrev   0x0000000000000000      0x7e7
 *(.debug_abbrev)
 .debug_abbrev  0x0000000000000000      0x5a2 /Applications/microchip/mplabx/v5.45/packs/Microchip/ATmega_DFP/2.2.108/xc8/avr/lib/avr5/memx-const/crtatmega328p.o
 .debug_abbrev  0x00000000000005a2      0x245 build/default/production/quiz_2.o

.debug_line     0x0000000000000000      0xf08
 *(.debug_line .debug_line.* .debug_line_end)
 .debug_line    0x0000000000000000      0x137 /Applications/microchip/mplabx/v5.45/packs/Microchip/ATmega_DFP/2.2.108/xc8/avr/lib/avr5/memx-const/crtatmega328p.o
 .debug_line    0x0000000000000137      0xdd1 build/default/production/quiz_2.o

.debug_frame    0x0000000000000000      0x134
 *(.debug_frame)
 .debug_frame   0x0000000000000000      0x134 build/default/production/quiz_2.o

.debug_str      0x0000000000000000      0x235
 *(.debug_str)
 .debug_str     0x0000000000000000      0x208 /Applications/microchip/mplabx/v5.45/packs/Microchip/ATmega_DFP/2.2.108/xc8/avr/lib/avr5/memx-const/crtatmega328p.o
 .debug_str     0x0000000000000208       0x2d build/default/production/quiz_2.o

.debug_loc      0x0000000000000000      0x6b5
 *(.debug_loc)
 .debug_loc     0x0000000000000000      0x6b5 build/default/production/quiz_2.o

.debug_macinfo
 *(.debug_macinfo)

.debug_weaknames
 *(.debug_weaknames)

.debug_funcnames
 *(.debug_funcnames)

.debug_typenames
 *(.debug_typenames)

.debug_varnames
 *(.debug_varnames)

.debug_pubtypes
 *(.debug_pubtypes)

.debug_ranges   0x0000000000000000       0x80
 *(.debug_ranges)
 .debug_ranges  0x0000000000000000       0x80 build/default/production/quiz_2.o

.debug_macro
 *(.debug_macro)
OUTPUT(dist/default/production/quiz_2.X.production.elf elf32-avr)
LOAD linker stubs
LOAD data_init

.note.gnu.avr.deviceinfo
                0x0000000000000000       0x40
 .note.gnu.avr.deviceinfo
                0x0000000000000000       0x40 /Applications/microchip/mplabx/v5.45/packs/Microchip/ATmega_DFP/2.2.108/xc8/avr/lib/avr5/memx-const/crtatmega328p.o

.bss.timerCountSec
                0x0000000000800102        0x2
 .bss.timerCountSec
                0x0000000000800102        0x2 build/default/production/quiz_2.o
                0x0000000000800102                timerCountSec

.bss.timerCountMin
                0x0000000000800104        0x2
 .bss.timerCountMin
                0x0000000000800104        0x2 build/default/production/quiz_2.o
                0x0000000000800104                timerCountMin

.bss.timerCountMS
                0x0000000000800106        0x2
 .bss.timerCountMS
                0x0000000000800106        0x2 build/default/production/quiz_2.o
                0x0000000000800106                timerCountMS

.bss.state      0x0000000000800108        0x2
 .bss.state     0x0000000000800108        0x2 build/default/production/quiz_2.o
                0x0000000000800108                state

.progmemx.data  0x00000000000000c2       0x6e
 .progmemx.data
                0x00000000000000c2       0x6e build/default/production/quiz_2.o

.progmemx.data.state_table
                0x0000000000000130       0x16
 .progmemx.data.state_table
                0x0000000000000130       0x16 /Applications/microchip/xc8/v2.36/avr/bin/../lib/gcc/avr/5.4.0/../../../../avr/lib/avr5/memx-const/libc.a(__printf_core.o)

.progmemx.data  0x0000000000000146        0x7
 .progmemx.data
                0x0000000000000146        0x7 /Applications/microchip/xc8/v2.36/avr/bin/../lib/gcc/avr/5.4.0/../../../../avr/lib/avr5/memx-const/libc.a(__fmt_s.o)

.progmemx.data  0x000000000000014d        0x6
 .progmemx.data
                0x000000000000014d        0x6 /Applications/microchip/xc8/v2.36/avr/bin/../lib/gcc/avr/5.4.0/../../../../avr/lib/avr5/memx-const/libc.a(__printf_core.o)

.text.main      0x0000000000000154     0x182e
 .text.main     0x0000000000000154     0x182e build/default/production/quiz_2.o
                0x0000000000000154                main

.text.__printf_core
                0x0000000000001982      0x822
 .text.__printf_core
                0x0000000000001982      0x822 /Applications/microchip/xc8/v2.36/avr/bin/../lib/gcc/avr/5.4.0/../../../../avr/lib/avr5/memx-const/libc.a(__printf_core.o)
                0x0000000000001982                __printf_core

.text.__fmt_x   0x00000000000021a4      0x280
 .text.__fmt_x  0x00000000000021a4      0x280 /Applications/microchip/xc8/v2.36/avr/bin/../lib/gcc/avr/5.4.0/../../../../avr/lib/avr5/memx-const/libc.a(__fmt_x.o)
                0x00000000000021a4                __fmt_x
                0x00000000000021a4                __fmt_x_needed

.text.__fmt_d   0x0000000000002424      0x17e
 .text.__fmt_d  0x0000000000002424      0x17e /Applications/microchip/xc8/v2.36/avr/bin/../lib/gcc/avr/5.4.0/../../../../avr/lib/avr5/memx-const/libc.a(__fmt_d.o)
                0x0000000000002424                __fmt_d_needed
                0x0000000000002424                __fmt_d

.text.__pop_int
                0x00000000000025a2      0x172
 .text.__pop_int
                0x00000000000025a2      0x172 /Applications/microchip/xc8/v2.36/avr/bin/../lib/gcc/avr/5.4.0/../../../../avr/lib/avr5/memx-const/libc.a(__pop_int.o)
                0x00000000000025a2                __pop_int
                0x00000000000025a2                __pop_int_needed

.text.__cvt_u   0x0000000000002714      0x14a
 .text.__cvt_u  0x0000000000002714      0x14a /Applications/microchip/xc8/v2.36/avr/bin/../lib/gcc/avr/5.4.0/../../../../avr/lib/avr5/memx-const/libc.a(__fmt_u.o)
                0x0000000000002714                __cvt_u

.text.__pad     0x000000000000285e      0x10e
 .text.__pad    0x000000000000285e      0x10e /Applications/microchip/xc8/v2.36/avr/bin/../lib/gcc/avr/5.4.0/../../../../avr/lib/avr5/memx-const/libc.a(__printf_core.o)
                0x000000000000285e                __pad

.text.__pop_ptr
                0x000000000000296c       0xd8
 .text.__pop_ptr
                0x000000000000296c       0xd8 /Applications/microchip/xc8/v2.36/avr/bin/../lib/gcc/avr/5.4.0/../../../../avr/lib/avr5/memx-const/libc.a(__pop_ptr.o)
                0x000000000000296c                __pop_ptr_needed
                0x000000000000296c                __pop_ptr

.text.__fmt_o   0x0000000000002a44       0xd4
 .text.__fmt_o  0x0000000000002a44       0xd4 /Applications/microchip/xc8/v2.36/avr/bin/../lib/gcc/avr/5.4.0/../../../../avr/lib/avr5/memx-const/libc.a(__fmt_o.o)
                0x0000000000002a44                __fmt_o_needed
                0x0000000000002a44                __fmt_o

.text.__fmt_s   0x0000000000002b18       0xca
 .text.__fmt_s  0x0000000000002b18       0xca /Applications/microchip/xc8/v2.36/avr/bin/../lib/gcc/avr/5.4.0/../../../../avr/lib/avr5/memx-const/libc.a(__fmt_s.o)
                0x0000000000002b18                __fmt_s_needed
                0x0000000000002b18                __fmt_s
                0x0000000000002b18                __fmt_0_needed

.text.__fmt_u   0x0000000000002be2       0xb0
 .text.__fmt_u  0x0000000000002be2       0xb0 /Applications/microchip/xc8/v2.36/avr/bin/../lib/gcc/avr/5.4.0/../../../../avr/lib/avr5/memx-const/libc.a(__fmt_u.o)
                0x0000000000002be2                __fmt_u
                0x0000000000002be2                __fmt_u_needed

.text.__vsnprintf
                0x0000000000002c92       0xa4
 .text.__vsnprintf
                0x0000000000002c92       0xa4 /Applications/microchip/xc8/v2.36/avr/bin/../lib/gcc/avr/5.4.0/../../../../avr/lib/avr5/memx-const/libc.a(__int_vsnprintf.o)
                0x0000000000002c92                __vsnprintf

.text.libgcc.div
                0x0000000000002d36       0xa2
 .text.libgcc.div
                0x0000000000002d36       0xa2 /Applications/microchip/xc8/v2.36/avr/bin/../lib/gcc/avr/5.4.0/avr5/memx-const/libgcc.a(_udivmod64.o)
                0x0000000000002d36                __udivmod64

.text.__fmt_state
                0x0000000000002dd8       0x9e
 .text.__fmt_state
                0x0000000000002dd8       0x9e /Applications/microchip/xc8/v2.36/avr/bin/../lib/gcc/avr/5.4.0/../../../../avr/lib/avr5/memx-const/libc.a(__printf_core.o)
                0x0000000000002dd8                __fmt_state

.text.fputc     0x0000000000002e76       0x92
 .text.fputc    0x0000000000002e76       0x92 /Applications/microchip/xc8/v2.36/avr/bin/../lib/gcc/avr/5.4.0/../../../../avr/lib/avr5/memx-const/libc.a(fputc.o)
                0x0000000000002e76                putc
                0x0000000000002e76                fputc

.text.atoi      0x0000000000002f08       0x90
 .text.atoi     0x0000000000002f08       0x90 /Applications/microchip/xc8/v2.36/avr/bin/../lib/gcc/avr/5.4.0/../../../../avr/lib/avr5/memx-const/libc.a(atoi.o)
                0x0000000000002f08                atoi

.text.__vector_13
                0x0000000000002f98       0x8c
 .text.__vector_13
                0x0000000000002f98       0x8c build/default/production/quiz_2.o
                0x0000000000002f98                __vector_13

.text.__out     0x0000000000003024       0x68
 .text.__out    0x0000000000003024       0x68 /Applications/microchip/xc8/v2.36/avr/bin/../lib/gcc/avr/5.4.0/../../../../avr/lib/avr5/memx-const/libc.a(__printf_core.o)
                0x0000000000003024                __out

.text.sendLcdCommand
                0x000000000000308c       0x4a
 .text.sendLcdCommand
                0x000000000000308c       0x4a build/default/production/quiz_2.o
                0x000000000000308c                sendLcdCommand

.text.sendLCDData
                0x00000000000030d6       0x4a
 .text.sendLCDData
                0x00000000000030d6       0x4a build/default/production/quiz_2.o
                0x00000000000030d6                sendLCDData

.text.__pop_float
                0x0000000000003120       0x40
 .text.__pop_float
                0x0000000000003120       0x40 /Applications/microchip/xc8/v2.36/avr/bin/../lib/gcc/avr/5.4.0/../../../../avr/lib/avr5/memx-const/libc.a(__pop_float.o)
                0x0000000000003120                __pop_float
                0x0000000000003120                __pop_float_needed

.text.libgcc.builtins
                0x0000000000003160       0x3c
 .text.libgcc.builtins
                0x0000000000003160       0x3c /Applications/microchip/xc8/v2.36/avr/bin/../lib/gcc/avr/5.4.0/avr5/memx-const/libgcc.a(_ashrdi3.o)
                0x0000000000003160                __ashrdi3
                0x0000000000003164                __lshrdi3

.text.libgcc.prologue
                0x000000000000319c       0x38
 .text.libgcc.prologue
                0x000000000000319c       0x38 /Applications/microchip/xc8/v2.36/avr/bin/../lib/gcc/avr/5.4.0/avr5/memx-const/libgcc.a(_prologue.o)
                0x000000000000319c                __prologue_saves__

.text.LCDDisplayString
                0x00000000000031d4       0x36
 .text.LCDDisplayString
                0x00000000000031d4       0x36 build/default/production/quiz_2.o
                0x00000000000031d4                LCDDisplayString

.text.libgcc.prologue
                0x000000000000320a       0x36
 .text.libgcc.prologue
                0x000000000000320a       0x36 /Applications/microchip/xc8/v2.36/avr/bin/../lib/gcc/avr/5.4.0/avr5/memx-const/libgcc.a(_epilogue.o)
                0x000000000000320a                __epilogue_restores__

.text.initLCD   0x0000000000003240       0x32
 .text.initLCD  0x0000000000003240       0x32 build/default/production/quiz_2.o
                0x0000000000003240                initLCD

.text.__vfprintf
                0x0000000000003272       0x30
 .text.__vfprintf
                0x0000000000003272       0x30 /Applications/microchip/xc8/v2.36/avr/bin/../lib/gcc/avr/5.4.0/../../../../avr/lib/avr5/memx-const/libc.a(__int_vfprintf.o)
                0x0000000000003272                __vfprintf

.text.strlen    0x00000000000032a2       0x2c
 .text.strlen   0x00000000000032a2       0x2c /Applications/microchip/xc8/v2.36/avr/bin/../lib/gcc/avr/5.4.0/../../../../avr/lib/avr5/memx-const/libc.a(strlen.o)
                0x00000000000032a2                strlen

.text.libgcc.div
                0x00000000000032ce       0x28
 .text.libgcc.div
                0x00000000000032ce       0x28 /Applications/microchip/xc8/v2.36/avr/bin/../lib/gcc/avr/5.4.0/avr5/memx-const/libgcc.a(_divmodhi4.o)
                0x00000000000032ce                __divmodhi4
                0x00000000000032ce                _div

.text.libgcc.div
                0x00000000000032f6       0x28
 .text.libgcc.div
                0x00000000000032f6       0x28 /Applications/microchip/xc8/v2.36/avr/bin/../lib/gcc/avr/5.4.0/avr5/memx-const/libgcc.a(_udivmodhi4.o)
                0x00000000000032f6                __udivmodhi4

.text.__wrap_sprintf
                0x000000000000331e       0x26
 .text.__wrap_sprintf
                0x000000000000331e       0x26 /Applications/microchip/xc8/v2.36/avr/bin/../lib/gcc/avr/5.4.0/../../../../avr/lib/avr5/memx-const/libc.a(__sio_sprintf_doux.o)
                0x000000000000331e                _sprintf_cdnopuxX

.text.libgcc    0x0000000000003344       0x20
 .text.libgcc   0x0000000000003344       0x20 /Applications/microchip/xc8/v2.36/avr/bin/../lib/gcc/avr/5.4.0/avr5/memx-const/libgcc.a(_negdi2.o)
                0x0000000000003344                __negdi2

.text.libgcc.div
                0x0000000000003364       0x1c
 .text.libgcc.div
                0x0000000000003364       0x1c /Applications/microchip/xc8/v2.36/avr/bin/../lib/gcc/avr/5.4.0/avr5/memx-const/libgcc.a(_udivdi3.o)
                0x0000000000003364                __umoddi3
                0x0000000000003368                __udivdi3
                0x000000000000336a                __udivdi3_umoddi3

.text.libgcc    0x0000000000003380       0x1a
 .text.libgcc   0x0000000000003380       0x1a /Applications/microchip/xc8/v2.36/avr/bin/../lib/gcc/avr/5.4.0/avr5/memx-const/libgcc.a(_movmemx.o)
                0x0000000000003380                __movmemx_qi
                0x0000000000003382                __movmemx_hi

.text.__vsprintf
                0x000000000000339a       0x18
 .text.__vsprintf
                0x000000000000339a       0x18 /Applications/microchip/xc8/v2.36/avr/bin/../lib/gcc/avr/5.4.0/../../../../avr/lib/avr5/memx-const/libc.a(__int_vsprintf.o)
                0x000000000000339a                __vsprintf

.text.libgcc    0x00000000000033b2       0x18
 .text.libgcc   0x00000000000033b2       0x18 /Applications/microchip/xc8/v2.36/avr/bin/../lib/gcc/avr/5.4.0/avr5/memx-const/libgcc.a(_cmpdi2_s8.o)
                0x00000000000033b2                __cmpdi2_s8

.text.commitData
                0x00000000000033ca       0x16
 .text.commitData
                0x00000000000033ca       0x16 build/default/production/quiz_2.o
                0x00000000000033ca                commitData

.text.exit      0x00000000000033e0       0x16
 .text.exit     0x00000000000033e0       0x16 /Applications/microchip/xc8/v2.36/avr/bin/../lib/gcc/avr/5.4.0/../../../../avr/lib/avr5/memx-const/libc.a(exit.o)
                0x00000000000033e0                exit

.text.memset    0x00000000000033f6       0x12
 .text.memset   0x00000000000033f6       0x12 /Applications/microchip/xc8/v2.36/avr/bin/../lib/gcc/avr/5.4.0/../../../../avr/lib/avr5/memx-const/libc.a(memset.o)
                0x00000000000033f6                memset

.text.toupper   0x0000000000003408       0x12
 .text.toupper  0x0000000000003408       0x12 /Applications/microchip/xc8/v2.36/avr/bin/../lib/gcc/avr/5.4.0/../../../../avr/lib/avr5/memx-const/libc.a(toupper.o)
                0x0000000000003408                toupper

.text.tolower   0x000000000000341a       0x10
 .text.tolower  0x000000000000341a       0x10 /Applications/microchip/xc8/v2.36/avr/bin/../lib/gcc/avr/5.4.0/../../../../avr/lib/avr5/memx-const/libc.a(tolower.o)
                0x000000000000341a                tolower

.text.__dummy_fmt4
                0x000000000000342a        0x6
 .text.__dummy_fmt4
                0x000000000000342a        0x6 /Applications/microchip/xc8/v2.36/avr/bin/../lib/gcc/avr/5.4.0/../../../../avr/lib/avr5/memx-const/libc.a(__printf_core.o)
                0x000000000000342a                __fmt_a
                0x000000000000342a                __fmt_fp

.text           0x0000000000003430        0x4
 .text          0x0000000000003430        0x4 /Applications/microchip/mplabx/v5.45/packs/Microchip/ATmega_DFP/2.2.108/xc8/avr/lib/avr5/memx-const/crtatmega328p.o
                0x0000000000003430                __vector_20
                0x0000000000003430                __vector_1
                0x0000000000003430                __vector_24
                0x0000000000003430                __vector_12
                0x0000000000003430                __bad_interrupt
                0x0000000000003430                __vector_6
                0x0000000000003430                __vector_3
                0x0000000000003430                __vector_23
                0x0000000000003430                __vector_25
                0x0000000000003430                __vector_11
                0x0000000000003430                __vector_17
                0x0000000000003430                __vector_19
                0x0000000000003430                __vector_7
                0x0000000000003430                __vector_5
                0x0000000000003430                __vector_4
                0x0000000000003430                __vector_9
                0x0000000000003430                __vector_2
                0x0000000000003430                __vector_21
                0x0000000000003430                __vector_15
                0x0000000000003430                __vector_8
                0x0000000000003430                __vector_14
                0x0000000000003430                __vector_10
                0x0000000000003430                __vector_16
                0x0000000000003430                __vector_18
                0x0000000000003430                __vector_22

.text._Exit     0x0000000000003434        0x4
 .text._Exit    0x0000000000003434        0x4 /Applications/microchip/xc8/v2.36/avr/bin/../lib/gcc/avr/5.4.0/../../../../avr/lib/avr5/memx-const/libc.a(_Exit.o)
                0x0000000000003434                _Exit

.text.__dummy_fini
                0x0000000000003438        0x2
 .text.__dummy_fini
                0x0000000000003438        0x2 /Applications/microchip/xc8/v2.36/avr/bin/../lib/gcc/avr/5.4.0/../../../../avr/lib/avr5/memx-const/libc.a(exit.o)
                0x0000000000003438                _fini

.text.__dummy_funcs_on_exit
                0x000000000000343a        0x2
 .text.__dummy_funcs_on_exit
                0x000000000000343a        0x2 /Applications/microchip/xc8/v2.36/avr/bin/../lib/gcc/avr/5.4.0/../../../../avr/lib/avr5/memx-const/libc.a(exit.o)
                0x000000000000343a                __funcs_on_exit

.text.__dummy_simulator_exit
                0x000000000000343c        0x2
 .text.__dummy_simulator_exit
                0x000000000000343c        0x2 /Applications/microchip/xc8/v2.36/avr/bin/../lib/gcc/avr/5.4.0/../../../../avr/lib/avr5/memx-const/libc.a(exit.o)
                0x000000000000343c                __simulator_exit
